Component: ARM Compiler 5.06 update 7 (build 960) Tool: armlink [4d3601]

==============================================================================

Section Cross References

    startup_stm32f103xe.o(STACK) refers (Special) to heapauxi.o(.text) for __use_two_region_memory
    startup_stm32f103xe.o(HEAP) refers (Special) to heapauxi.o(.text) for __use_two_region_memory
    startup_stm32f103xe.o(RESET) refers (Special) to heapauxi.o(.text) for __use_two_region_memory
    startup_stm32f103xe.o(RESET) refers to startup_stm32f103xe.o(STACK) for __initial_sp
    startup_stm32f103xe.o(RESET) refers to startup_stm32f103xe.o(.text) for Reset_Handler
    startup_stm32f103xe.o(RESET) refers to stm32f1xx_it.o(i.NMI_Handler) for NMI_Handler
    startup_stm32f103xe.o(RESET) refers to stm32f1xx_it.o(i.HardFault_Handler) for HardFault_Handler
    startup_stm32f103xe.o(RESET) refers to stm32f1xx_it.o(i.MemManage_Handler) for MemManage_Handler
    startup_stm32f103xe.o(RESET) refers to stm32f1xx_it.o(i.BusFault_Handler) for BusFault_Handler
    startup_stm32f103xe.o(RESET) refers to stm32f1xx_it.o(i.UsageFault_Handler) for UsageFault_Handler
    startup_stm32f103xe.o(RESET) refers to stm32f1xx_it.o(i.SVC_Handler) for SVC_Handler
    startup_stm32f103xe.o(RESET) refers to stm32f1xx_it.o(i.DebugMon_Handler) for DebugMon_Handler
    startup_stm32f103xe.o(RESET) refers to stm32f1xx_it.o(i.PendSV_Handler) for PendSV_Handler
    startup_stm32f103xe.o(RESET) refers to stm32f1xx_it.o(i.SysTick_Handler) for SysTick_Handler
    startup_stm32f103xe.o(RESET) refers to stm32f1xx_it.o(i.TIM2_IRQHandler) for TIM2_IRQHandler
    startup_stm32f103xe.o(RESET) refers to stm32f1xx_it.o(i.TIM3_IRQHandler) for TIM3_IRQHandler
    startup_stm32f103xe.o(RESET) refers to stm32f1xx_it.o(i.I2C2_EV_IRQHandler) for I2C2_EV_IRQHandler
    startup_stm32f103xe.o(RESET) refers to stm32f1xx_it.o(i.I2C2_ER_IRQHandler) for I2C2_ER_IRQHandler
    startup_stm32f103xe.o(RESET) refers to stm32f1xx_it.o(i.SPI2_IRQHandler) for SPI2_IRQHandler
    startup_stm32f103xe.o(RESET) refers to stm32f1xx_it.o(i.USART1_IRQHandler) for USART1_IRQHandler
    startup_stm32f103xe.o(RESET) refers to stm32f1xx_it.o(i.USART2_IRQHandler) for USART2_IRQHandler
    startup_stm32f103xe.o(RESET) refers to stm32f1xx_it.o(i.EXTI15_10_IRQHandler) for EXTI15_10_IRQHandler
    startup_stm32f103xe.o(RESET) refers to stm32f1xx_it.o(i.TIM8_BRK_IRQHandler) for TIM8_BRK_IRQHandler
    startup_stm32f103xe.o(RESET) refers to stm32f1xx_it.o(i.TIM8_UP_IRQHandler) for TIM8_UP_IRQHandler
    startup_stm32f103xe.o(RESET) refers to stm32f1xx_it.o(i.TIM8_TRG_COM_IRQHandler) for TIM8_TRG_COM_IRQHandler
    startup_stm32f103xe.o(RESET) refers to stm32f1xx_it.o(i.TIM8_CC_IRQHandler) for TIM8_CC_IRQHandler
    startup_stm32f103xe.o(.text) refers (Special) to heapauxi.o(.text) for __use_two_region_memory
    startup_stm32f103xe.o(.text) refers to system_stm32f1xx.o(i.SystemInit) for SystemInit
    startup_stm32f103xe.o(.text) refers to __main.o(!!!main) for __main
    startup_stm32f103xe.o(.text) refers to startup_stm32f103xe.o(HEAP) for Heap_Mem
    startup_stm32f103xe.o(.text) refers to startup_stm32f103xe.o(STACK) for Stack_Mem
    main.o(i.HAL_TIM_IC_CaptureCallback) refers to stm32f1xx_hal_tim.o(i.HAL_TIM_ReadCapturedValue) for HAL_TIM_ReadCapturedValue
    main.o(i.HAL_TIM_IC_CaptureCallback) refers to main.o(i.UART_Printf) for UART_Printf
    main.o(i.HAL_TIM_IC_CaptureCallback) refers to stm32f1xx_hal.o(i.HAL_GetTick) for HAL_GetTick
    main.o(i.HAL_TIM_IC_CaptureCallback) refers to fflt_clz.o(x$fpl$ffltu) for __aeabi_ui2f
    main.o(i.HAL_TIM_IC_CaptureCallback) refers to fdiv.o(x$fpl$fdiv) for __aeabi_fdiv
    main.o(i.HAL_TIM_IC_CaptureCallback) refers to f2d.o(x$fpl$f2d) for __aeabi_f2d
    main.o(i.HAL_TIM_IC_CaptureCallback) refers to main.o(.data) for .data
    main.o(i.HAL_TIM_IC_CaptureCallback) refers to main.o(.conststring) for .conststring
    main.o(i.I2C_DebugTest) refers to main.o(i.UART_SendString) for UART_SendString
    main.o(i.I2C_DebugTest) refers to stm32f1xx_hal_i2c.o(i.HAL_I2C_IsDeviceReady) for HAL_I2C_IsDeviceReady
    main.o(i.I2C_DebugTest) refers to i2c.o(i.TLA2528_ReadReg) for TLA2528_ReadReg
    main.o(i.I2C_DebugTest) refers to main.o(i.UART_Printf) for UART_Printf
    main.o(i.I2C_DebugTest) refers to main.o(i.ScanAllRegisters) for ScanAllRegisters
    main.o(i.I2C_DebugTest) refers to i2c.o(i.TLA2528_WriteReg) for TLA2528_WriteReg
    main.o(i.I2C_DebugTest) refers to i2c.o(i.TLA2528_TriggerConversion) for TLA2528_TriggerConversion
    main.o(i.I2C_DebugTest) refers to stm32f1xx_hal.o(i.HAL_Delay) for HAL_Delay
    main.o(i.I2C_DebugTest) refers to i2c.o(i.TLA2528_ReadADC) for TLA2528_ReadADC
    main.o(i.I2C_DebugTest) refers to i2c.o(.bss) for hi2c
    main.o(i.I2C_Scan) refers to main.o(i.UART_Printf) for UART_Printf
    main.o(i.I2C_Scan) refers to stm32f1xx_hal_i2c.o(i.HAL_I2C_IsDeviceReady) for HAL_I2C_IsDeviceReady
[...]
    __scatterload_null                       0x08000147   Thumb Code     0  __scatter.o(!!!scatter)
    __scatterload_copy                       0x0800016d   Thumb Code    26  __scatter_copy.o(!!handler_copy)
    __scatterload_zeroinit                   0x08000189   Thumb Code    28  __scatter_zi.o(!!handler_zi)
    _printf_n                                0x080001a5   Thumb Code     0  _printf_n.o(.ARM.Collect$$_printf_percent$$00000001)
    _printf_percent                          0x080001a5   Thumb Code     0  _printf_percent.o(.ARM.Collect$$_printf_percent$$00000000)
    _printf_p                                0x080001ab   Thumb Code     0  _printf_p.o(.ARM.Collect$$_printf_percent$$00000002)
    _printf_f                                0x080001b1   Thumb Code     0  _printf_f.o(.ARM.Collect$$_printf_percent$$00000003)
    _printf_e                                0x080001b7   Thumb Code     0  _printf_e.o(.ARM.Collect$$_printf_percent$$00000004)
    _printf_g                                0x080001bd   Thumb Code     0  _printf_g.o(.ARM.Collect$$_printf_percent$$00000005)
    _printf_a                                0x080001c3   Thumb Code     0  _printf_a.o(.ARM.Collect$$_printf_percent$$00000006)
    _printf_ll                               0x080001c9   Thumb Code     0  _printf_ll.o(.ARM.Collect$$_printf_percent$$00000007)
    _printf_i                                0x080001d3   Thumb Code     0  _printf_i.o(.ARM.Collect$$_printf_percent$$00000008)
    _printf_d                                0x080001d9   Thumb Code     0  _printf_d.o(.ARM.Collect$$_printf_percent$$00000009)
    _printf_u                                0x080001df   Thumb Code     0  _printf_u.o(.ARM.Collect$$_printf_percent$$0000000A)
    _printf_o                                0x080001e5   Thumb Code     0  _printf_o.o(.ARM.Collect$$_printf_percent$$0000000B)
    _printf_x                                0x080001eb   Thumb Code     0  _printf_x.o(.ARM.Collect$$_printf_percent$$0000000C)
    _printf_lli                              0x080001f1   Thumb Code     0  _printf_lli.o(.ARM.Collect$$_printf_percent$$0000000D)
    _printf_lld                              0x080001f7   Thumb Code     0  _printf_lld.o(.ARM.Collect$$_printf_percent$$0000000E)
    _printf_llu                              0x080001fd   Thumb Code     0  _printf_llu.o(.ARM.Collect$$_printf_percent$$0000000F)
    _printf_llo                              0x08000203   Thumb Code     0  _printf_llo.o(.ARM.Collect$$_printf_percent$$00000010)
    _printf_llx                              0x08000209   Thumb Code     0  _printf_llx.o(.ARM.Collect$$_printf_percent$$00000011)
    _printf_l                                0x0800020f   Thumb Code     0  _printf_l.o(.ARM.Collect$$_printf_percent$$00000012)
    _printf_c                                0x08000219   Thumb Code     0  _printf_c.o(.ARM.Collect$$_printf_percent$$00000013)
    _printf_s                                0x0800021f   Thumb Code     0  _printf_s.o(.ARM.Collect$$_printf_percent$$00000014)
    _printf_lc                               0x08000225   Thumb Code     0  _printf_lc.o(.ARM.Collect$$_printf_percent$$00000015)
    _printf_ls                               0x0800022b   Thumb Code     0  _printf_ls.o(.ARM.Collect$$_printf_percent$$00000016)
    _printf_percent_end                      0x08000231   Thumb Code     0  _printf_percent_end.o(.ARM.Collect$$_printf_percent$$00000017)
    __rt_lib_init                            0x08000235   Thumb Code     0  libinit.o(.ARM.Collect$$libinit$$00000000)
    __rt_lib_init_fp_1                       0x08000237   Thumb Code     0  libinit2.o(.ARM.Collect$$libinit$$00000002)
    __rt_lib_init_heap_1                     0x08000237   Thumb Code     0  libinit2.o(.ARM.Collect$$libinit$$0000000A)
    __rt_lib_init_lc_common                  0x08000237   Thumb Code     0  libinit2.o(.ARM.Collect$$libinit$$0000000F)
    __rt_lib_init_preinit_1                  0x08000237   Thumb Code     0  libinit2.o(.ARM.Collect$$libinit$$00000004)
    __rt_lib_init_rand_1                     0x08000237   Thumb Code     0  libinit2.o(.ARM.Collect$$libinit$$0000000E)
    __rt_lib_init_user_alloc_1               0x08000237   Thumb Code     0  libinit2.o(.ARM.Collect$$libinit$$0000000C)
    __rt_lib_init_lc_collate_1               0x0800023d   Thumb Code     0  libinit2.o(.ARM.Collect$$libinit$$00000011)
    __rt_lib_init_lc_ctype_2                 0x0800023d   Thumb Code     0  libinit2.o(.ARM.Collect$$libinit$$00000012)
    __rt_lib_init_lc_ctype_1                 0x08000249   Thumb Code     0  libinit2.o(.ARM.Collect$$libinit$$00000013)
    __rt_lib_init_lc_monetary_1              0x08000249   Thumb Code     0  libinit2.o(.ARM.Collect$$libinit$$00000015)
    __rt_lib_init_lc_numeric_2               0x08000249   Thumb Code     0  libinit2.o(.ARM.Collect$$libinit$$00000016)
    __rt_lib_init_alloca_1                   0x08000253   Thumb Code     0  libinit2.o(.ARM.Collect$$libinit$$0000002E)
    __rt_lib_init_argv_1                     0x08000253   Thumb Code     0  libinit2.o(.ARM.Collect$$libinit$$0000002C)
    __rt_lib_init_atexit_1                   0x08000253   Thumb Code     0  libinit2.o(.ARM.Collect$$libinit$$0000001B)
    __rt_lib_init_clock_1                    0x08000253   Thumb Code     0  libinit2.o(.ARM.Collect$$libinit$$00000021)
    __rt_lib_init_cpp_1                      0x08000253   Thumb Code     0  libinit2.o(.ARM.Collect$$libinit$$00000032)
    __rt_lib_init_exceptions_1               0x08000253   Thumb Code     0  libinit2.o(.ARM.Collect$$libinit$$00000030)
    __rt_lib_init_fp_trap_1                  0x08000253   Thumb Code     0  libinit2.o(.ARM.Collect$$libinit$$0000001F)
    __rt_lib_init_getenv_1                   0x08000253   Thumb Code     0  libinit2.o(.ARM.Collect$$libinit$$00000023)
    __rt_lib_init_lc_numeric_1               0x08000253   Thumb Code     0  libinit2.o(.ARM.Collect$$libinit$$00000017)
    __rt_lib_init_lc_time_1                  0x08000253   Thumb Code     0  libinit2.o(.ARM.Collect$$libinit$$00000019)
    __rt_lib_init_return                     0x08000253   Thumb Code     0  libinit2.o(.ARM.Collect$$libinit$$00000033)
    __rt_lib_init_signal_1                   0x08000253   Thumb Code     0  libinit2.o(.ARM.Collect$$libinit$$0000001D)
    __rt_lib_init_stdio_1                    0x08000253   Thumb Code     0  libinit2.o(.ARM.Collect$$libinit$$00000025)
    __rt_lib_shutdown                        0x08000255   Thumb Code     0  libshutdown.o(.ARM.Collect$$libshutdown$$00000000)
    __rt_lib_shutdown_cpp_1                  0x08000257   Thumb Code     0  libshutdown2.o(.ARM.Collect$$libshutdown$$00000004)
    __rt_lib_shutdown_fini_1                 0x08000257   Thumb Code     0  libshutdown2.o(.ARM.Collect$$libshutdown$$00000002)
    __rt_lib_shutdown_fp_trap_1              0x08000257   Thumb Code     0  libshutdown2.o(.ARM.Collect$$libshutdown$$00000009)
    __rt_lib_shutdown_heap_1                 0x08000257   Thumb Code     0  libshutdown2.o(.ARM.Collect$$libshutdown$$00000011)
    __rt_lib_shutdown_return                 0x08000257   Thumb Code     0  libshutdown2.o(.ARM.Collect$$libshutdown$$00000012)
    __rt_lib_shutdown_signal_1               0x08000257   Thumb Code     0  libshutdown2.o(.ARM.Collect$$libshutdown$$0000000C)
    __rt_lib_shutdown_stdio_1                0x08000257   Thumb Code     0  libshutdown2.o(.ARM.Collect$$libshutdown$$00000006)
    __rt_lib_shutdown_user_alloc_1           0x08000257   Thumb Code     0  libshutdown2.o(.ARM.Collect$$libshutdown$$0000000E)
    __rt_entry                               0x08000259   Thumb Code     0  __rtentry.o(.ARM.Collect$$rtentry$$00000000)
    __rt_entry_presh_1                       0x08000259   Thumb Code     0  __rtentry2.o(.ARM.Collect$$rtentry$$00000002)
    __rt_entry_sh                            0x08000259   Thumb Code     0  __rtentry4.o(.ARM.Collect$$rtentry$$00000004)
    __rt_entry_li                            0x0800025f   Thumb Code     0  __rtentry2.o(.ARM.Collect$$rtentry$$0000000A)
    __rt_entry_postsh_1                      0x0800025f   Thumb Code     0  __rtentry2.o(.ARM.Collect$$rtentry$$00000009)
    __rt_entry_main                          0x08000263   Thumb Code     0  __rtentry2.o(.ARM.Collect$$rtentry$$0000000D)
    __rt_entry_postli_1                      0x08000263   Thumb Code     0  __rtentry2.o(.ARM.Collect$$rtentry$$0000000C)
    __rt_exit                                0x0800026b   Thumb Code     0  rtexit.o(.ARM.Collect$$rtexit$$00000000)
    __rt_exit_ls                             0x0800026d   Thumb Code     0  rtexit2.o(.ARM.Collect$$rtexit$$00000003)
    __rt_exit_prels_1                        0x0800026d   Thumb Code     0  rtexit2.o(.ARM.Collect$$rtexit$$00000002)
    __rt_exit_exit                           0x08000271   Thumb Code     0  rtexit2.o(.ARM.Collect$$rtexit$$00000004)
    Reset_Handler                            0x08000279   Thumb Code     8  startup_stm32f103xe.o(.text)
    ADC1_2_IRQHandler                        0x08000293   Thumb Code     0  startup_stm32f103xe.o(.text)
    ADC3_IRQHandler                          0x08000293   Thumb Code     0  startup_stm32f103xe.o(.text)
    CAN1_RX1_IRQHandler                      0x08000293   Thumb Code     0  startup_stm32f103xe.o(.text)
    CAN1_SCE_IRQHandler                      0x08000293   Thumb Code     0  startup_stm32f103xe.o(.text)
    DMA1_Channel1_IRQHandler                 0x08000293   Thumb Code     0  startup_stm32f103xe.o(.text)
    DMA1_Channel2_IRQHandler                 0x08000293   Thumb Code     0  startup_stm32f103xe.o(.text)
    DMA1_Channel3_IRQHandler                 0x08000293   Thumb Code     0  startup_stm32f103xe.o(.text)
    DMA1_Channel4_IRQHandler                 0x08000293   Thumb Code     0  startup_stm32f103xe.o(.text)
    DMA1_Channel5_IRQHandler                 0x08000293   Thumb Code     0  startup_stm32f103xe.o(.text)
    DMA1_Channel6_IRQHandler                 0x08000293   Thumb Code     0  startup_stm32f103xe.o(.text)
    DMA1_Channel7_IRQHandler                 0x08000293   Thumb Code     0  startup_stm32f103xe.o(.text)
    DMA2_Channel1_IRQHandler                 0x08000293   Thumb Code     0  startup_stm32f103xe.o(.text)
    DMA2_Channel2_IRQHandler                 0x08000293   Thumb Code     0  startup_stm32f103xe.o(.text)
    DMA2_Channel3_IRQHandler                 0x08000293   Thumb Code     0  startup_stm32f103xe.o(.text)
    DMA2_Channel4_5_IRQHandler               0x08000293   Thumb Code     0  startup_stm32f103xe.o(.text)
    EXTI0_IRQHandler                         0x08000293   Thumb Code     0  startup_stm32f103xe.o(.text)
    EXTI1_IRQHandler                         0x08000293   Thumb Code     0  startup_stm32f103xe.o(.text)
    EXTI2_IRQHandler                         0x08000293   Thumb Code     0  startup_stm32f103xe.o(.text)
    EXTI3_IRQHandler                         0x08000293   Thumb Code     0  startup_stm32f103xe.o(.text)
    EXTI4_IRQHandler                         0x08000293   Thumb Code     0  startup_stm32f103xe.o(.text)
    EXTI9_5_IRQHandler                       0x08000293   Thumb Code     0  startup_stm32f103xe.o(.text)
    FLASH_IRQHandler                         0x08000293   Thumb Code     0  startup_stm32f103xe.o(.text)
    FSMC_IRQHandler                          0x08000293   Thumb Code     0  startup_stm32f103xe.o(.text)
    I2C1_ER_IRQHandler                       0x08000293   Thumb Code     0  startup_stm32f103xe.o(.text)
    I2C1_EV_IRQHandler                       0x08000293   Thumb Code     0  startup_stm32f103xe.o(.text)
    PVD_IRQHandler                           0x08000293   Thumb Code     0  startup_stm32f103xe.o(.text)
    RCC_IRQHandler                           0x08000293   Thumb Code     0  startup_stm32f103xe.o(.text)
    RTC_Alarm_IRQHandler                     0x08000293   Thumb Code     0  startup_stm32f103xe.o(.text)
    RTC_IRQHandler                           0x08000293   Thumb Code     0  startup_stm32f103xe.o(.text)
    SDIO_IRQHandler                          0x08000293   Thumb Code     0  startup_stm32f103xe.o(.text)
    SPI1_IRQHandler                          0x08000293   Thumb Code     0  startup_stm32f103xe.o(.text)
    SPI3_IRQHandler                          0x08000293   Thumb Code     0  startup_stm32f103xe.o(.text)
    TAMPER_IRQHandler                        0x08000293   Thumb Code     0  startup_stm32f103xe.o(.text)
    TIM1_BRK_IRQHandler                      0x08000293   Thumb Code     0  startup_stm32f103xe.o(.text)
    TIM1_CC_IRQHandler                       0x08000293   Thumb Code     0  startup_stm32f103xe.o(.text)
    TIM1_TRG_COM_IRQHandler                  0x08000293   Thumb Code     0  startup_stm32f103xe.o(.text)
    TIM1_UP_IRQHandler                       0x08000293   Thumb Code     0  startup_stm32f103xe.o(.text)
    TIM4_IRQHandler                          0x08000293   Thumb Code     0  startup_stm32f103xe.o(.text)
    TIM5_IRQHandler                          0x08000293   Thumb Code     0  startup_stm32f103xe.o(.text)
    TIM6_IRQHandler                          0x08000293   Thumb Code     0  startup_stm32f103xe.o(.text)
    TIM7_IRQHandler                          0x08000293   Thumb Code     0  startup_stm32f103xe.o(.text)
    UART4_IRQHandler                         0x08000293   Thumb Code     0  startup_stm32f103xe.o(.text)
    UART5_IRQHandler                         0x08000293   Thumb Code     0  startup_stm32f103xe.o(.text)
    USART3_IRQHandler                        0x08000293   Thumb Code     0  startup_stm32f103xe.o(.text)
    USBWakeUp_IRQHandler                     0x08000293   Thumb Code     0  startup_stm32f103xe.o(.text)
    USB_HP_CAN1_TX_IRQHandler                0x08000293   Thumb Code     0  startup_stm32f103xe.o(.text)
    USB_LP_CAN1_RX0_IRQHandler               0x08000293   Thumb Code     0  startup_stm32f103xe.o(.text)
    WWDG_IRQHandler                          0x08000293   Thumb Code     0  startup_stm32f103xe.o(.text)
    __user_initial_stackheap                 0x08000295   Thumb Code     0  startup_stm32f103xe.o(.text)
    __rt_ctype_table                         0x080002b9   Thumb Code    16  rt_ctype_table.o(.text)
    toupper                                  0x080002c9   Thumb Code    30  toupper.o(.text)
    vsnprintf                                0x080002e9   Thumb Code    48  vsnprintf.o(.text)
    __2sprintf                               0x0800031d   Thumb Code    38  __2sprintf.o(.text)
    __2snprintf                              0x08000349   Thumb Code    50  __2snprintf.o(.text)
    _printf_int_dec                          0x08000381   Thumb Code   104  _printf_dec.o(.text)
    __printf                                 0x080003f9   Thumb Code   388  __printf_flags_ss_wp.o(.text)
    strcpy                                   0x08000581   Thumb Code    72  strcpy.o(.text)
    strlen                                   0x080005c9   Thumb Code    62  strlen.o(.text)
    __aeabi_memcpy                           0x08000607   Thumb Code     0  rt_memcpy_v6.o(.text)
    __rt_memcpy                              0x08000607   Thumb Code   138  rt_memcpy_v6.o(.text)
    _memcpy_lastbytes                        0x0800066d   Thumb Code     0  rt_memcpy_v6.o(.text)
    __aeabi_memmove                          0x08000691   Thumb Code     0  rt_memmove_v6.o(.text)
    __rt_memmove                             0x08000691   Thumb Code   132  rt_memmove_v6.o(.text)
    __memmove_lastfew                        0x080006f1   Thumb Code     0  rt_memmove_v6.o(.text)
    __aeabi_memcpy4                          0x08000715   Thumb Code     0  rt_memcpy_w.o(.text)
    __aeabi_memcpy8                          0x08000715   Thumb Code     0  rt_memcpy_w.o(.text)
    __rt_memcpy_w                            0x08000715   Thumb Code   100  rt_memcpy_w.o(.text)
    _memcpy_lastbytes_aligned                0x0800075d   Thumb Code     0  rt_memcpy_w.o(.text)
    __aeabi_memclr4                          0x08000779   Thumb Code     0  rt_memclr_w.o(.text)
    __aeabi_memclr8                          0x08000779   Thumb Code     0  rt_memclr_w.o(.text)
    __rt_memclr_w                            0x08000779   Thumb Code    78  rt_memclr_w.o(.text)
    _memset_w                                0x0800077d   Thumb Code     0  rt_memclr_w.o(.text)
    strncpy                                  0x080007c7   Thumb Code    86  strncpy.o(.text)
    __use_two_region_memory                  0x0800081d   Thumb Code     2  heapauxi.o(.text)
    __rt_heap_escrow$2region                 0x0800081f   Thumb Code     2  heapauxi.o(.text)
    __rt_heap_expand$2region                 0x08000821   Thumb Code     2  heapauxi.o(.text)
    __rt_locale                              0x08000825   Thumb Code     8  rt_locale_intlibspace.o(.text)
    _printf_pre_padding                      0x0800082d   Thumb Code    44  _printf_pad.o(.text)
    _printf_post_padding                     0x08000859   Thumb Code    34  _printf_pad.o(.text)
    _printf_truncate_signed                  0x0800087b   Thumb Code    18  _printf_truncate.o(.text)
    _printf_truncate_unsigned                0x0800088d   Thumb Code    18  _printf_truncate.o(.text)
    _printf_str                              0x0800089f   Thumb Code    82  _printf_str.o(.text)
    _printf_int_common                       0x080008f1   Thumb Code   178  _printf_intcommon.o(.text)
    _printf_charcount                        0x080009a3   Thumb Code    40  _printf_charcount.o(.text)
    __lib_sel_fp_printf                      0x080009cb   Thumb Code     2  _printf_fp_dec.o(.text)
    _printf_fp_dec_real                      0x08000b7d   Thumb Code   620  _printf_fp_dec.o(.text)
    _printf_char_common                      0x08000df3   Thumb Code    32  _printf_char_common.o(.text)
    _sputc                                   0x08000e19   Thumb Code    10  _sputc.o(.text)
    _snputc                                  0x08000e23   Thumb Code    16  _snputc.o(.text)
    _printf_wctomb                           0x08000e35   Thumb Code   182  _printf_wctomb.o(.text)
    _printf_longlong_dec                     0x08000ef1   Thumb Code   108  _printf_longlong_dec.o(.text)
    _printf_longlong_oct                     0x08000f6d   Thumb Code    66  _printf_oct_int_ll.o(.text)
    _printf_int_oct                          0x08000faf   Thumb Code    24  _printf_oct_int_ll.o(.text)
    _printf_ll_oct                           0x08000fc7   Thumb Code    12  _printf_oct_int_ll.o(.text)
    _printf_longlong_hex                     0x08000fdd   Thumb Code    86  _printf_hex_int_ll_ptr.o(.text)
    _printf_int_hex                          0x08001033   Thumb Code    28  _printf_hex_int_ll_ptr.o(.text)
    _printf_ll_hex                           0x0800104f   Thumb Code    12  _printf_hex_int_ll_ptr.o(.text)
    _printf_hex_ptr                          0x0800105b   Thumb Code    18  _printf_hex_int_ll_ptr.o(.text)
    __aeabi_memmove4                         0x08001071   Thumb Code     0  rt_memmove_w.o(.text)
    __aeabi_memmove8                         0x08001071   Thumb Code     0  rt_memmove_w.o(.text)
    __rt_memmove_w                           0x08001071   Thumb Code   122  rt_memmove_w.o(.text)
    __memmove_aligned                        0x08001097   Thumb Code     0  rt_memmove_w.o(.text)
    __memmove_lastfew_aligned                0x080010cf   Thumb Code     0  rt_memmove_w.o(.text)
    __aeabi_memclr                           0x080010eb   Thumb Code     0  rt_memclr.o(.text)
    __rt_memclr                              0x080010eb   Thumb Code    68  rt_memclr.o(.text)
    _memset                                  0x080010ef   Thumb Code     0  rt_memclr.o(.text)
    __user_libspace                          0x08001131   Thumb Code     8  libspace.o(.text)
    __user_perproc_libspace                  0x08001131   Thumb Code     0  libspace.o(.text)
    __user_perthread_libspace                0x08001131   Thumb Code     0  libspace.o(.text)
    _ll_udiv10                               0x08001139   Thumb Code   138  lludiv10.o(.text)
    _printf_fp_hex_real                      0x080011c5   Thumb Code   756  _printf_fp_hex.o(.text)
    _printf_fp_infnan                        0x080014c1   Thumb Code   112  _printf_fp_infnan.o(.text)
    _printf_cs_common                        0x08001541   Thumb Code    20  _printf_char.o(.text)
    _printf_char                             0x08001555   Thumb Code    16  _printf_char.o(.text)
    _printf_string                           0x08001565   Thumb Code     8  _printf_char.o(.text)
    _printf_lcs_common                       0x0800156d   Thumb Code    20  _printf_wchar.o(.text)
    _printf_wchar                            0x08001581   Thumb Code    16  _printf_wchar.o(.text)
    _printf_wstring                          0x08001591   Thumb Code     8  _printf_wchar.o(.text)
    _btod_etento                             0x08001599   Thumb Code   224  bigflt0.o(.text)
    _wcrtomb                                 0x0800167d   Thumb Code    64  _wcrtomb.o(.text)
    strcmp                                   0x080016bd   Thumb Code   128  strcmpv7m.o(.text)
    __user_setup_stackheap                   0x0800173d   Thumb Code    74  sys_stackheap_outer.o(.text)
    exit                                     0x08001787   Thumb Code    18  exit.o(.text)
    _sys_exit                                0x08001799   Thumb Code     8  sys_exit.o(.text)
    __I$use$semihosting                      0x080017a5   Thumb Code     0  use_no_semi.o(.text)
    __use_no_semihosting_swi                 0x080017a5   Thumb Code     2  use_no_semi.o(.text)
    __semihosting_library_function           0x080017a7   Thumb Code     0  indicate_semi.o(.text)
    _btod_d2e                                0x080017a7   Thumb Code    62  btod.o(CL$$btod_d2e)
    _d2e_denorm_low                          0x080017e5   Thumb Code    70  btod.o(CL$$btod_d2e_denorm_low)
    _d2e_norm_op1                            0x0800182b   Thumb Code    96  btod.o(CL$$btod_d2e_norm_op1)
    __btod_div_common                        0x0800188b   Thumb Code   696  btod.o(CL$$btod_div_common)
    _e2e                                     0x08001bc3   Thumb Code   220  btod.o(CL$$btod_e2e)
    _btod_ediv                               0x08001c9f   Thumb Code    42  btod.o(CL$$btod_ediv)
    _btod_emul                               0x08001cc9   Thumb Code    42  btod.o(CL$$btod_emul)
    __btod_mult_common                       0x08001cf3   Thumb Code   580  btod.o(CL$$btod_mult_common)
    BusFault_Handler                         0x08001f37   Thumb Code     2  stm32f1xx_it.o(i.BusFault_Handler)
    DebugMon_Handler                         0x08001f39   Thumb Code     2  stm32f1xx_it.o(i.DebugMon_Handler)
    EXTI15_10_IRQHandler                     0x08001f3b   Thumb Code     8  stm32f1xx_it.o(i.EXTI15_10_IRQHandler)
    Error_Handler                            0x08001f43   Thumb Code     4  main.o(i.Error_Handler)
    HAL_DMA_Abort                            0x08001f47   Thumb Code    70  stm32f1xx_hal_dma.o(i.HAL_DMA_Abort)
    HAL_DMA_Abort_IT                         0x08001f8d   Thumb Code   296  stm32f1xx_hal_dma.o(i.HAL_DMA_Abort_IT)
    HAL_DMA_GetState                         0x080020bd   Thumb Code     6  stm32f1xx_hal_dma.o(i.HAL_DMA_GetState)
    HAL_Delay                                0x080020c5   Thumb Code    32  stm32f1xx_hal.o(i.HAL_Delay)
    HAL_GPIO_EXTI_Callback                   0x080020e9   Thumb Code     2  stm32f1xx_hal_gpio.o(i.HAL_GPIO_EXTI_Callback)
    HAL_GPIO_EXTI_IRQHandler                 0x080020ed   Thumb Code    18  stm32f1xx_hal_gpio.o(i.HAL_GPIO_EXTI_IRQHandler)
    HAL_GPIO_Init                            0x08002105   Thumb Code   462  stm32f1xx_hal_gpio.o(i.HAL_GPIO_Init)
    HAL_GPIO_ReadPin                         0x080022fd   Thumb Code    10  stm32f1xx_hal_gpio.o(i.HAL_GPIO_ReadPin)
    HAL_GPIO_WritePin                        0x08002307   Thumb Code    10  stm32f1xx_hal_gpio.o(i.HAL_GPIO_WritePin)
    HAL_GetTick                              0x08002311   Thumb Code     6  stm32f1xx_hal.o(i.HAL_GetTick)
    HAL_I2C_AbortCpltCallback                0x0800231d   Thumb Code     2  stm32f1xx_hal_i2c.o(i.HAL_I2C_AbortCpltCallback)
    HAL_I2C_AddrCallback                     0x0800231f   Thumb Code     2  stm32f1xx_hal_i2c.o(i.HAL_I2C_AddrCallback)
    HAL_I2C_ER_IRQHandler                    0x08002321   Thumb Code   196  stm32f1xx_hal_i2c.o(i.HAL_I2C_ER_IRQHandler)
    HAL_I2C_EV_IRQHandler                    0x080023e5   Thumb Code   560  stm32f1xx_hal_i2c.o(i.HAL_I2C_EV_IRQHandler)
    HAL_I2C_ErrorCallback                    0x08002615   Thumb Code     2  stm32f1xx_hal_i2c.o(i.HAL_I2C_ErrorCallback)
    HAL_I2C_GetState                         0x08002617   Thumb Code     6  stm32f1xx_hal_i2c.o(i.HAL_I2C_GetState)
    HAL_I2C_Init                             0x0800261d   Thumb Code   376  stm32f1xx_hal_i2c.o(i.HAL_I2C_Init)
    HAL_I2C_IsDeviceReady                    0x080027a5   Thumb Code   354  stm32f1xx_hal_i2c.o(i.HAL_I2C_IsDeviceReady)
    HAL_I2C_ListenCpltCallback               0x08002911   Thumb Code     2  stm32f1xx_hal_i2c.o(i.HAL_I2C_ListenCpltCallback)
    HAL_I2C_MasterRxCpltCallback             0x08002913   Thumb Code     2  stm32f1xx_hal_i2c.o(i.HAL_I2C_MasterRxCpltCallback)
    HAL_I2C_MasterTxCpltCallback             0x08002915   Thumb Code     2  stm32f1xx_hal_i2c.o(i.HAL_I2C_MasterTxCpltCallback)
    HAL_I2C_Master_Receive                   0x08002919   Thumb Code   576  stm32f1xx_hal_i2c.o(i.HAL_I2C_Master_Receive)
    HAL_I2C_Master_Transmit                  0x08002b69   Thumb Code   290  stm32f1xx_hal_i2c.o(i.HAL_I2C_Master_Transmit)
    HAL_I2C_MemRxCpltCallback                0x08002c95   Thumb Code     2  stm32f1xx_hal_i2c.o(i.HAL_I2C_MemRxCpltCallback)
    HAL_I2C_MemTxCpltCallback                0x08002c97   Thumb Code     2  stm32f1xx_hal_i2c.o(i.HAL_I2C_MemTxCpltCallback)
    HAL_I2C_MspInit                          0x08002c99   Thumb Code   144  i2c.o(i.HAL_I2C_MspInit)
    HAL_I2C_SlaveRxCpltCallback              0x08002ded   Thumb Code     2  stm32f1xx_hal_i2c.o(i.HAL_I2C_SlaveRxCpltCallback)
    HAL_I2C_SlaveTxCpltCallback              0x08002def   Thumb Code     2  stm32f1xx_hal_i2c.o(i.HAL_I2C_SlaveTxCpltCallback)
    HAL_IncTick                              0x08002df1   Thumb Code    12  stm32f1xx_hal.o(i.HAL_IncTick)
    HAL_Init                                 0x08002e01   Thumb Code    32  stm32f1xx_hal.o(i.HAL_Init)
    HAL_InitTick                             0x08002e25   Thumb Code    54  stm32f1xx_hal.o(i.HAL_InitTick)
    HAL_MspInit                              0x08002e65   Thumb Code    52  stm32f1xx_hal_msp.o(i.HAL_MspInit)
    HAL_NVIC_EnableIRQ                       0x08002ea1   Thumb Code    26  stm32f1xx_hal_cortex.o(i.HAL_NVIC_EnableIRQ)
    HAL_NVIC_SetPriority                     0x08002ebd   Thumb Code    60  stm32f1xx_hal_cortex.o(i.HAL_NVIC_SetPriority)
    HAL_NVIC_SetPriorityGrouping             0x08002efd   Thumb Code    26  stm32f1xx_hal_cortex.o(i.HAL_NVIC_SetPriorityGrouping)
    HAL_RCC_ClockConfig                      0x08002f21   Thumb Code   280  stm32f1xx_hal_rcc.o(i.HAL_RCC_ClockConfig)
    HAL_RCC_GetPCLK1Freq                     0x0800304d   Thumb Code    20  stm32f1xx_hal_rcc.o(i.HAL_RCC_GetPCLK1Freq)
    HAL_RCC_GetPCLK2Freq                     0x0800306d   Thumb Code    20  stm32f1xx_hal_rcc.o(i.HAL_RCC_GetPCLK2Freq)
    HAL_RCC_GetSysClockFreq                  0x0800308d   Thumb Code    58  stm32f1xx_hal_rcc.o(i.HAL_RCC_GetSysClockFreq)
    HAL_RCC_MCOConfig                        0x080030d9   Thumb Code    64  stm32f1xx_hal_rcc.o(i.HAL_RCC_MCOConfig)
    HAL_RCC_OscConfig                        0x08003121   Thumb Code   778  stm32f1xx_hal_rcc.o(i.HAL_RCC_OscConfig)
    HAL_SPI_Init                             0x08003441   Thumb Code   178  stm32f1xx_hal_spi.o(i.HAL_SPI_Init)
    HAL_SPI_MspInit                          0x080034f5   Thumb Code   114  spi.o(i.HAL_SPI_MspInit)
    HAL_SYSTICK_Config                       0x08003575   Thumb Code    40  stm32f1xx_hal_cortex.o(i.HAL_SYSTICK_Config)
    HAL_TIMEx_BreakCallback                  0x0800359d   Thumb Code     2  stm32f1xx_hal_tim_ex.o(i.HAL_TIMEx_BreakCallback)
    HAL_TIMEx_CommutCallback                 0x0800359f   Thumb Code     2  stm32f1xx_hal_tim_ex.o(i.HAL_TIMEx_CommutCallback)
    HAL_TIMEx_MasterConfigSynchronization    0x080035a1   Thumb Code   104  stm32f1xx_hal_tim_ex.o(i.HAL_TIMEx_MasterConfigSynchronization)
    HAL_TIM_ConfigClockSource                0x0800361d   Thumb Code   220  stm32f1xx_hal_tim.o(i.HAL_TIM_ConfigClockSource)
    HAL_TIM_IC_CaptureCallback               0x080036f9   Thumb Code   212  main.o(i.HAL_TIM_IC_CaptureCallback)
    HAL_TIM_IC_ConfigChannel                 0x08003829   Thumb Code   292  stm32f1xx_hal_tim.o(i.HAL_TIM_IC_ConfigChannel)
    HAL_TIM_IC_Init                          0x0800394d   Thumb Code    90  stm32f1xx_hal_tim.o(i.HAL_TIM_IC_Init)
    HAL_TIM_IC_MspInit                       0x080039a9   Thumb Code    88  tim.o(i.HAL_TIM_IC_MspInit)
    HAL_TIM_IC_Start_IT                      0x08003a09   Thumb Code   228  stm32f1xx_hal_tim.o(i.HAL_TIM_IC_Start_IT)
    HAL_TIM_IRQHandler                       0x08003b01   Thumb Code   304  stm32f1xx_hal_tim.o(i.HAL_TIM_IRQHandler)
    HAL_TIM_MspPostInit                      0x08003c31   Thumb Code   138  tim.o(i.HAL_TIM_MspPostInit)
    HAL_TIM_OC_DelayElapsedCallback          0x08003cd5   Thumb Code     2  stm32f1xx_hal_tim.o(i.HAL_TIM_OC_DelayElapsedCallback)
    HAL_TIM_PWM_ConfigChannel                0x08003cd7   Thumb Code   204  stm32f1xx_hal_tim.o(i.HAL_TIM_PWM_ConfigChannel)
    HAL_TIM_PWM_Init                         0x08003da3   Thumb Code    90  stm32f1xx_hal_tim.o(i.HAL_TIM_PWM_Init)
    HAL_TIM_PWM_MspInit                      0x08003dfd   Thumb Code    74  tim.o(i.HAL_TIM_PWM_MspInit)
    HAL_TIM_PWM_PulseFinishedCallback        0x08003e59   Thumb Code     2  stm32f1xx_hal_tim.o(i.HAL_TIM_PWM_PulseFinishedCallback)
    HAL_TIM_PWM_Start                        0x08003e5d   Thumb Code   160  stm32f1xx_hal_tim.o(i.HAL_TIM_PWM_Start)
    HAL_TIM_PeriodElapsedCallback            0x08003f11   Thumb Code     2  stm32f1xx_hal_tim.o(i.HAL_TIM_PeriodElapsedCallback)
    HAL_TIM_ReadCapturedValue                0x08003f13   Thumb Code    42  stm32f1xx_hal_tim.o(i.HAL_TIM_ReadCapturedValue)
    HAL_TIM_TriggerCallback                  0x08003f3d   Thumb Code     2  stm32f1xx_hal_tim.o(i.HAL_TIM_TriggerCallback)
    HAL_UARTEx_RxEventCallback               0x08003f3f   Thumb Code     2  stm32f1xx_hal_uart.o(i.HAL_UARTEx_RxEventCallback)
    HAL_UART_ErrorCallback                   0x08003f41   Thumb Code     2  stm32f1xx_hal_uart.o(i.HAL_UART_ErrorCallback)
    HAL_UART_IRQHandler                      0x08003f45   Thumb Code   616  stm32f1xx_hal_uart.o(i.HAL_UART_IRQHandler)
    HAL_UART_Init                            0x080041b1   Thumb Code   100  stm32f1xx_hal_uart.o(i.HAL_UART_Init)
    HAL_UART_MspInit                         0x08004215   Thumb Code   198  usart.o(i.HAL_UART_MspInit)
    HAL_UART_Receive_IT                      0x080042ed   Thumb Code    28  stm32f1xx_hal_uart.o(i.HAL_UART_Receive_IT)
    HAL_UART_RxCpltCallback                  0x08004309   Thumb Code   302  usart.o(i.HAL_UART_RxCpltCallback)
    HAL_UART_Transmit                        0x08004449   Thumb Code   160  stm32f1xx_hal_uart.o(i.HAL_UART_Transmit)
    HAL_UART_TxCpltCallback                  0x080044e9   Thumb Code     2  stm32f1xx_hal_uart.o(i.HAL_UART_TxCpltCallback)
    HAL_WWDG_Refresh                         0x080044eb   Thumb Code    10  stm32f1xx_hal_wwdg.o(i.HAL_WWDG_Refresh)
    HardFault_Handler                        0x080044f5   Thumb Code     2  stm32f1xx_it.o(i.HardFault_Handler)
    I2C2_ER_IRQHandler                       0x080044f9   Thumb Code     6  stm32f1xx_it.o(i.I2C2_ER_IRQHandler)
    I2C2_EV_IRQHandler                       0x08004505   Thumb Code     6  stm32f1xx_it.o(i.I2C2_EV_IRQHandler)
    I2C_DebugTest                            0x080045cd   Thumb Code   266  main.o(i.I2C_DebugTest)
    I2C_Scan                                 0x080052bd   Thumb Code    42  main.o(i.I2C_Scan)
    MX_GPIO_Init                             0x080058ad   Thumb Code   222  gpio.o(i.MX_GPIO_Init)
    MX_I2C_Init                              0x0800599d   Thumb Code   106  i2c.o(i.MX_I2C_Init)
    MX_SPI2_Init                             0x08005ac1   Thumb Code    50  spi.o(i.MX_SPI2_Init)
    MX_TIM2_Init                             0x08005afd   Thumb Code   106  tim.o(i.MX_TIM2_Init)
    MX_TIM3_Init                             0x08005b6d   Thumb Code   216  tim.o(i.MX_TIM3_Init)
    MX_TIM4_Init                             0x08005c55   Thumb Code   150  tim.o(i.MX_TIM4_Init)
    MX_USART1_UART_Init                      0x08005cfd   Thumb Code    48  usart.o(i.MX_USART1_UART_Init)
    MX_USART2_UART_Init                      0x08005d35   Thumb Code    48  usart.o(i.MX_USART2_UART_Init)
    MemManage_Handler                        0x08005d6d   Thumb Code     2  stm32f1xx_it.o(i.MemManage_Handler)
    NMI_Handler                              0x08005d6f   Thumb Code     2  stm32f1xx_it.o(i.NMI_Handler)
    PendSV_Handler                           0x08005dc1   Thumb Code     2  stm32f1xx_it.o(i.PendSV_Handler)
    SPI2_IRQHandler                          0x08005dc3   Thumb Code     4  stm32f1xx_it.o(i.SPI2_IRQHandler)
    SPI2_SlaveComm_GetCmd                    0x08005dc9   Thumb Code    50  spi.o(i.SPI2_SlaveComm_GetCmd)
    SPI2_SlaveComm_HasPendingCmd             0x08005e05   Thumb Code     6  spi.o(i.SPI2_SlaveComm_HasPendingCmd)
    SPI2_SlaveComm_Poll                      0x08005e11   Thumb Code    64  spi.o(i.SPI2_SlaveComm_Poll)
    SPI2_SlaveComm_SetResponse               0x08005e59   Thumb Code    42  spi.o(i.SPI2_SlaveComm_SetResponse)
    SPI2_SlaveComm_Start                     0x08005e8d   Thumb Code    84  spi.o(i.SPI2_SlaveComm_Start)
    SPI2_SlaveIRQHandler                     0x08005eed   Thumb Code   226  spi.o(i.SPI2_SlaveIRQHandler)
    SVC_Handler                              0x08005fdd   Thumb Code     2  stm32f1xx_it.o(i.SVC_Handler)
    ScanAllRegisters                         0x08005fe1   Thumb Code    86  main.o(i.ScanAllRegisters)
    SysTick_Handler                          0x080060bd   Thumb Code     4  stm32f1xx_it.o(i.SysTick_Handler)
    SystemClock_Config                       0x080060c1   Thumb Code    94  main.o(i.SystemClock_Config)
    SystemInit                               0x0800611f   Thumb Code     2  system_stm32f1xx.o(i.SystemInit)
    TIM2_IRQHandler                          0x08006121   Thumb Code     6  stm32f1xx_it.o(i.TIM2_IRQHandler)
    TIM3_IRQHandler                          0x0800612d   Thumb Code     6  stm32f1xx_it.o(i.TIM3_IRQHandler)
    TIM8_BRK_IRQHandler                      0x08006139   Thumb Code     6  stm32f1xx_it.o(i.TIM8_BRK_IRQHandler)
    TIM8_CC_IRQHandler                       0x08006145   Thumb Code     6  stm32f1xx_it.o(i.TIM8_CC_IRQHandler)
    TIM8_TRG_COM_IRQHandler                  0x08006151   Thumb Code     6  stm32f1xx_it.o(i.TIM8_TRG_COM_IRQHandler)
    TIM8_UP_IRQHandler                       0x0800615d   Thumb Code     6  stm32f1xx_it.o(i.TIM8_UP_IRQHandler)
    TIM_Base_SetConfig                       0x08006169   Thumb Code   134  stm32f1xx_hal_tim.o(i.TIM_Base_SetConfig)
    TIM_CCxChannelCmd                        0x08006205   Thumb Code    26  stm32f1xx_hal_tim.o(i.TIM_CCxChannelCmd)
    TIM_ETR_SetConfig                        0x0800621f   Thumb Code    20  stm32f1xx_hal_tim.o(i.TIM_ETR_SetConfig)
    TIM_OC2_SetConfig                        0x080062a5   Thumb Code    98  stm32f1xx_hal_tim.o(i.TIM_OC2_SetConfig)
    TIM_TI1_SetConfig                        0x080063ed   Thumb Code    88  stm32f1xx_hal_tim.o(i.TIM_TI1_SetConfig)
    TLA2528_ReadADC                          0x080064b5   Thumb Code    64  i2c.o(i.TLA2528_ReadADC)
    TLA2528_ReadChannel                      0x080064f9   Thumb Code    48  i2c.o(i.TLA2528_ReadChannel)
    TLA2528_ReadReg                          0x08006529   Thumb Code   106  i2c.o(i.TLA2528_ReadReg)
    TLA2528_TriggerConversion                0x0800659d   Thumb Code     8  i2c.o(i.TLA2528_TriggerConversion)
    TLA2528_WriteReg                         0x080065a5   Thumb Code    84  i2c.o(i.TLA2528_WriteReg)
    UART_Printf                              0x0800665f   Thumb Code    30  main.o(i.UART_Printf)
    UART_SendString                          0x08006741   Thumb Code    26  main.o(i.UART_SendString)
    UART_Start_Receive_IT                    0x08006819   Thumb Code    54  stm32f1xx_hal_uart.o(i.UART_Start_Receive_IT)
    USART1_GetReceivedData                   0x080068c1   Thumb Code    72  usart.o(i.USART1_GetReceivedData)
    USART1_IRQHandler                        0x08006911   Thumb Code     6  stm32f1xx_it.o(i.USART1_IRQHandler)
    USART2_GetReceivedData                   0x0800691d   Thumb Code    72  usart.o(i.USART2_GetReceivedData)
    USART2_IRQHandler                        0x0800696d   Thumb Code     6  stm32f1xx_it.o(i.USART2_IRQHandler)
    UsageFault_Handler                       0x08006979   Thumb Code     2  stm32f1xx_it.o(i.UsageFault_Handler)
    __ARM_fpclassify                         0x0800697b   Thumb Code    40  fpclassify.o(i.__ARM_fpclassify)
    _is_digit                                0x080069c3   Thumb Code    14  __printf_wp.o(i._is_digit)
    main                                     0x08006a09   Thumb Code  3780  main.o(i.main)
    tla2528_test_sequence                    0x08007ba1   Thumb Code  1582  main.o(i.tla2528_test_sequence)
    _get_lc_ctype                            0x08008585   Thumb Code    44  lc_ctype_c.o(locale$$code)
    _get_lc_numeric                          0x080085b1   Thumb Code    44  lc_numeric_c.o(locale$$code)
    __fpl_dretinf                            0x080085dd   Thumb Code    12  dretinf.o(x$fpl$dretinf)
    __aeabi_f2d                              0x080085e9   Thumb Code     0  f2d.o(x$fpl$f2d)
    _f2d                                     0x080085e9   Thumb Code    86  f2d.o(x$fpl$f2d)
    __aeabi_fadd                             0x08008641   Thumb Code     0  faddsub_clz.o(x$fpl$fadd)
    _fadd                                    0x08008641   Thumb Code   196  faddsub_clz.o(x$fpl$fadd)
    __aeabi_fdiv                             0x08008705   Thumb Code     0  fdiv.o(x$fpl$fdiv)
    _fdiv                                    0x08008705   Thumb Code   384  fdiv.o(x$fpl$fdiv)
    __aeabi_ui2f                             0x08008889   Thumb Code     0  fflt_clz.o(x$fpl$ffltu)
    _ffltu                                   0x08008889   Thumb Code    38  fflt_clz.o(x$fpl$ffltu)
    __aeabi_fmul                             0x080088b1   Thumb Code     0  fmul.o(x$fpl$fmul)
    _fmul                                    0x080088b1   Thumb Code   258  fmul.o(x$fpl$fmul)
    __fpl_fnaninf                            0x080089b3   Thumb Code   140  fnaninf.o(x$fpl$fnaninf)
    __fpl_fretinf                            0x08008a3f   Thumb Code    10  fretinf.o(x$fpl$fretinf)
    __aeabi_fsub                             0x08008a49   Thumb Code     0  faddsub_clz.o(x$fpl$fsub)
    _fsub                                    0x08008a49   Thumb Code   234  faddsub_clz.o(x$fpl$fsub)
    _printf_fp_dec                           0x08008b33   Thumb Code     4  printf1.o(x$fpl$printf1)
    _printf_fp_hex                           0x08008b37   Thumb Code     4  printf2.o(x$fpl$printf2)
    __I$use$fp                               0x08008b3a   Number         0  usenofp.o(x$fpl$usenofp)
    AHBPrescTable                            0x08008b4c   Data          16  system_stm32f1xx.o(.constdata)
    APBPrescTable                            0x08008b5c   Data           8  system_stm32f1xx.o(.constdata)
    Region$$Table$$Base                      0x08008f8c   Number         0  anon$$obj.o(Region$$Table)
    Region$$Table$$Limit                     0x08008fac   Number         0  anon$$obj.o(Region$$Table)
    __ctype                                  0x08008fb9   Data           0  lc_ctype_c.o(locale$$data)
    rx_index                                 0x20000040   Data           1  usart.o(.data)
    rx_index_usart2                          0x20000042   Data           1  usart.o(.data)
    usart2_cmd_ready                         0x20000043   Data           1  usart.o(.data)
    uwTickFreq                               0x20000044   Data           1  stm32f1xx_hal.o(.data)
    uwTickPrio                               0x20000048   Data           4  stm32f1xx_hal.o(.data)
    uwTick                                   0x2000004c   Data           4  stm32f1xx_hal.o(.data)
    SystemCoreClock                          0x20000050   Data           4  system_stm32f1xx.o(.data)
    hi2c                                     0x20000054   Data          84  i2c.o(.bss)
    hspi2                                    0x20000228   Data          88  spi.o(.bss)
    htim1                                    0x20000280   Data          72  tim.o(.bss)
    htim2                                    0x200002c8   Data          72  tim.o(.bss)
    htim3                                    0x20000310   Data          72  tim.o(.bss)
    htim4                                    0x20000358   Data          72  tim.o(.bss)
    htim8                                    0x200003a0   Data          72  tim.o(.bss)
    huart1                                   0x200003e8   Data          72  usart.o(.bss)
    huart2                                   0x20000430   Data          72  usart.o(.bss)
    rx_buffer                                0x20000478   Data         100  usart.o(.bss)
    rx_buffer_usart2                         0x20000540   Data         100  usart.o(.bss)
    hwwdg                                    0x20000608   Data          20  wwdg.o(.bss)
    __libspace_start                         0x2000061c   Data          96  libspace.o(.bss)
    __temporary_stack_top$libspace           0x2000067c   Data           0  libspace.o(.bss)



==============================================================================

Memory Map of the image

  Image Entry point : 0x08000131

  Load Region LR_IROM1 (Base: 0x08000000, Size: 0x0000912c, Max: 0x00080000, ABSOLUTE)

    Execution Region ER_IROM1 (Exec base: 0x08000000, Load base: 0x08000000, Size: 0x000090d8, Max: 0x00080000, ABSOLUTE)

    Exec Addr    Load Addr    Size         Type   Attr      Idx    E Section Name        Object

    0x08000000   0x08000000   0x00000130   Data   RO            3    RESET               startup_stm32f103xe.o
    0x08000130   0x08000130   0x00000008   Code   RO         4086  * !!!main             c_w.l(__main.o)
    0x08000138   0x08000138   0x00000034   Code   RO         4450    !!!scatter          c_w.l(__scatter.o)
    0x0800016c   0x0800016c   0x0000001a   Code   RO         4452    !!handler_copy      c_w.l(__scatter_copy.o)
    0x08000186   0x08000186   0x00000002   PAD
    0x08000188   0x08000188   0x0000001c   Code   RO         4454    !!handler_zi        c_w.l(__scatter_zi.o)
    0x080001a4   0x080001a4   0x00000000   Code   RO         4069    .ARM.Collect$$_printf_percent$$00000000  c_w.l(_printf_percent.o)
    0x080001a4   0x080001a4   0x00000006   Code   RO         4180    .ARM.Collect$$_printf_percent$$00000001  c_w.l(_printf_n.o)
    0x080001aa   0x080001aa   0x00000006   Code   RO         4182    .ARM.Collect$$_printf_percent$$00000002  c_w.l(_printf_p.o)
    0x080001b0   0x080001b0   0x00000006   Code   RO         4068    .ARM.Collect$$_printf_percent$$00000003  c_w.l(_printf_f.o)
    0x080001b6   0x080001b6   0x00000006   Code   RO         4185    .ARM.Collect$$_printf_percent$$00000004  c_w.l(_printf_e.o)
    0x080001bc   0x080001bc   0x00000006   Code   RO         4186    .ARM.Collect$$_printf_percent$$00000005  c_w.l(_printf_g.o)
    0x080001c2   0x080001c2   0x00000006   Code   RO         4187    .ARM.Collect$$_printf_percent$$00000006  c_w.l(_printf_a.o)
    0x080001c8   0x080001c8   0x0000000a   Code   RO         4192    .ARM.Collect$$_printf_percent$$00000007  c_w.l(_printf_ll.o)
    0x080001d2   0x080001d2   0x00000006   Code   RO         4184    .ARM.Collect$$_printf_percent$$00000008  c_w.l(_printf_i.o)
    0x080001d8   0x080001d8   0x00000006   Code   RO         4066    .ARM.Collect$$_printf_percent$$00000009  c_w.l(_printf_d.o)
    0x080001de   0x080001de   0x00000006   Code   RO         4067    .ARM.Collect$$_printf_percent$$0000000A  c_w.l(_printf_u.o)
    0x080001e4   0x080001e4   0x00000006   Code   RO         4183    .ARM.Collect$$_printf_percent$$0000000B  c_w.l(_printf_o.o)
    0x080001ea   0x080001ea   0x00000006   Code   RO         4181    .ARM.Collect$$_printf_percent$$0000000C  c_w.l(_printf_x.o)
    0x080001f0   0x080001f0   0x00000006   Code   RO         4189    .ARM.Collect$$_printf_percent$$0000000D  c_w.l(_printf_lli.o)
    0x080001f6   0x080001f6   0x00000006   Code   RO         4190    .ARM.Collect$$_printf_percent$$0000000E  c_w.l(_printf_lld.o)
    0x080001fc   0x080001fc   0x00000006   Code   RO         4191    .ARM.Collect$$_printf_percent$$0000000F  c_w.l(_printf_llu.o)
    0x08000202   0x08000202   0x00000006   Code   RO         4196    .ARM.Collect$$_printf_percent$$00000010  c_w.l(_printf_llo.o)
    0x08000208   0x08000208   0x00000006   Code   RO         4197    .ARM.Collect$$_printf_percent$$00000011  c_w.l(_printf_llx.o)
    0x0800020e   0x0800020e   0x0000000a   Code   RO         4193    .ARM.Collect$$_printf_percent$$00000012  c_w.l(_printf_l.o)
    0x08000218   0x08000218   0x00000006   Code   RO         4178    .ARM.Collect$$_printf_percent$$00000013  c_w.l(_printf_c.o)
    0x0800021e   0x0800021e   0x00000006   Code   RO         4179    .ARM.Collect$$_printf_percent$$00000014  c_w.l(_printf_s.o)
    0x08000224   0x08000224   0x00000006   Code   RO         4194    .ARM.Collect$$_printf_percent$$00000015  c_w.l(_printf_lc.o)
    0x0800022a   0x0800022a   0x00000006   Code   RO         4195    .ARM.Collect$$_printf_percent$$00000016  c_w.l(_printf_ls.o)
    0x08000230   0x08000230   0x00000004   Code   RO         4188    .ARM.Collect$$_printf_percent$$00000017  c_w.l(_printf_percent_end.o)
    0x08000234   0x08000234   0x00000002   Code   RO         4364    .ARM.Collect$$libinit$$00000000  c_w.l(libinit.o)
    0x08000236   0x08000236   0x00000000   Code   RO         4303    .ARM.Collect$$libinit$$00000002  c_w.l(libinit2.o)
    0x08000236   0x08000236   0x00000000   Code   RO         4305    .ARM.Collect$$libinit$$00000004  c_w.l(libinit2.o)
    0x08000236   0x08000236   0x00000000   Code   RO         4308    .ARM.Collect$$libinit$$0000000A  c_w.l(libinit2.o)
    0x08000236   0x08000236   0x00000000   Code   RO         4310    .ARM.Collect$$libinit$$0000000C  c_w.l(libinit2.o)
    0x08000236   0x08000236   0x00000000   Code   RO         4312    .ARM.Collect$$libinit$$0000000E  c_w.l(libinit2.o)
    0x08000236   0x08000236   0x00000006   Code   RO         4313    .ARM.Collect$$libinit$$0000000F  c_w.l(libinit2.o)
    0x0800023c   0x0800023c   0x00000000   Code   RO         4315    .ARM.Collect$$libinit$$00000011  c_w.l(libinit2.o)
    0x0800023c   0x0800023c   0x0000000c   Code   RO         4316    .ARM.Collect$$libinit$$00000012  c_w.l(libinit2.o)
    0x08000248   0x08000248   0x00000000   Code   RO         4317    .ARM.Collect$$libinit$$00000013  c_w.l(libinit2.o)
    0x08000248   0x08000248   0x00000000   Code   RO         4319    .ARM.Collect$$libinit$$00000015  c_w.l(libinit2.o)
    0x08000248   0x08000248   0x0000000a   Code   RO         4320    .ARM.Collect$$libinit$$00000016  c_w.l(libinit2.o)
    0x08000252   0x08000252   0x00000000   Code   RO         4321    .ARM.Collect$$libinit$$00000017  c_w.l(libinit2.o)
    0x08000252   0x08000252   0x00000000   Code   RO         4323    .ARM.Collect$$libinit$$00000019  c_w.l(libinit2.o)
    0x08000252   0x08000252   0x00000000   Code   RO         4325    .ARM.Collect$$libinit$$0000001B  c_w.l(libinit2.o)
    0x08000252   0x08000252   0x00000000   Code   RO         4327    .ARM.Collect$$libinit$$0000001D  c_w.l(libinit2.o)
    0x08000252   0x08000252   0x00000000   Code   RO         4329    .ARM.Collect$$libinit$$0000001F  c_w.l(libinit2.o)
    0x08000252   0x08000252   0x00000000   Code   RO         4331    .ARM.Collect$$libinit$$00000021  c_w.l(libinit2.o)
    0x08000252   0x08000252   0x00000000   Code   RO         4333    .ARM.Collect$$libinit$$00000023  c_w.l(libinit2.o)
    0x08000252   0x08000252   0x00000000   Code   RO         4335    .ARM.Collect$$libinit$$00000025  c_w.l(libinit2.o)
    0x08000252   0x08000252   0x00000000   Code   RO         4339    .ARM.Collect$$libinit$$0000002C  c_w.l(libinit2.o)
    0x08000252   0x08000252   0x00000000   Code   RO         4341    .ARM.Collect$$libinit$$0000002E  c_w.l(libinit2.o)
    0x08000252   0x08000252   0x00000000   Code   RO         4343    .ARM.Collect$$libinit$$00000030  c_w.l(libinit2.o)
    0x08000252   0x08000252   0x00000000   Code   RO         4345    .ARM.Collect$$libinit$$00000032  c_w.l(libinit2.o)
    0x08000252   0x08000252   0x00000002   Code   RO         4346    .ARM.Collect$$libinit$$00000033  c_w.l(libinit2.o)
    0x08000254   0x08000254   0x00000002   Code   RO         4405    .ARM.Collect$$libshutdown$$00000000  c_w.l(libshutdown.o)
    0x08000256   0x08000256   0x00000000   Code   RO         4411    .ARM.Collect$$libshutdown$$00000002  c_w.l(libshutdown2.o)
    0x08000256   0x08000256   0x00000000   Code   RO         4413    .ARM.Collect$$libshutdown$$00000004  c_w.l(libshutdown2.o)
    0x08000256   0x08000256   0x00000000   Code   RO         4415    .ARM.Collect$$libshutdown$$00000006  c_w.l(libshutdown2.o)
    0x08000256   0x08000256   0x00000000   Code   RO         4418    .ARM.Collect$$libshutdown$$00000009  c_w.l(libshutdown2.o)
    0x08000256   0x08000256   0x00000000   Code   RO         4421    .ARM.Collect$$libshutdown$$0000000C  c_w.l(libshutdown2.o)
    0x08000256   0x08000256   0x00000000   Code   RO         4423    .ARM.Collect$$libshutdown$$0000000E  c_w.l(libshutdown2.o)
    0x08000256   0x08000256   0x00000000   Code   RO         4426    .ARM.Collect$$libshutdown$$00000011  c_w.l(libshutdown2.o)
    0x08000256   0x08000256   0x00000002   Code   RO         4427    .ARM.Collect$$libshutdown$$00000012  c_w.l(libshutdown2.o)
    0x08000258   0x08000258   0x00000000   Code   RO         4120    .ARM.Collect$$rtentry$$00000000  c_w.l(__rtentry.o)
    0x08000258   0x08000258   0x00000000   Code   RO         4238    .ARM.Collect$$rtentry$$00000002  c_w.l(__rtentry2.o)
    0x08000258   0x08000258   0x00000006   Code   RO         4250    .ARM.Collect$$rtentry$$00000004  c_w.l(__rtentry4.o)
    0x0800025e   0x0800025e   0x00000000   Code   RO         4240    .ARM.Collect$$rtentry$$00000009  c_w.l(__rtentry2.o)
    0x0800025e   0x0800025e   0x00000004   Code   RO         4241    .ARM.Collect$$rtentry$$0000000A  c_w.l(__rtentry2.o)
    0x08000262   0x08000262   0x00000000   Code   RO         4243    .ARM.Collect$$rtentry$$0000000C  c_w.l(__rtentry2.o)
    0x08000262   0x08000262   0x00000008   Code   RO         4244    .ARM.Collect$$rtentry$$0000000D  c_w.l(__rtentry2.o)
    0x0800026a   0x0800026a   0x00000002   Code   RO         4369    .ARM.Collect$$rtexit$$00000000  c_w.l(rtexit.o)
    0x0800026c   0x0800026c   0x00000000   Code   RO         4380    .ARM.Collect$$rtexit$$00000002  c_w.l(rtexit2.o)
    0x0800026c   0x0800026c   0x00000004   Code   RO         4381    .ARM.Collect$$rtexit$$00000003  c_w.l(rtexit2.o)
    0x08000270   0x08000270   0x00000006   Code   RO         4382    .ARM.Collect$$rtexit$$00000004  c_w.l(rtexit2.o)
    0x08000276   0x08000276   0x00000002   PAD
    0x08000278   0x08000278   0x00000040   Code   RO            4    .text               startup_stm32f103xe.o
    0x080002b8   0x080002b8   0x00000010   Code   RO         4026    .text               c_w.l(rt_ctype_table.o)
    0x080002c8   0x080002c8   0x0000001e   Code   RO         4030    .text               c_w.l(toupper.o)
    0x080002e6   0x080002e6   0x00000002   PAD
    0x080002e8   0x080002e8   0x00000034   Code   RO         4032    .text               c_w.l(vsnprintf.o)
    0x0800031c   0x0800031c   0x0000002c   Code   RO         4034    .text               c_w.l(__2sprintf.o)
    0x08000348   0x08000348   0x00000038   Code   RO         4036    .text               c_w.l(__2snprintf.o)
    0x08000380   0x08000380   0x00000078   Code   RO         4044    .text               c_w.l(_printf_dec.o)
    0x080003f8   0x080003f8   0x00000188   Code   RO         4063    .text               c_w.l(__printf_flags_ss_wp.o)
    0x08000580   0x08000580   0x00000048   Code   RO         4070    .text               c_w.l(strcpy.o)
    0x080005c8   0x080005c8   0x0000003e   Code   RO         4072    .text               c_w.l(strlen.o)
    0x08000606   0x08000606   0x0000008a   Code   RO         4074    .text               c_w.l(rt_memcpy_v6.o)
    0x08000690   0x08000690   0x00000084   Code   RO         4076    .text               c_w.l(rt_memmove_v6.o)
    0x08000714   0x08000714   0x00000064   Code   RO         4078    .text               c_w.l(rt_memcpy_w.o)
    0x08000778   0x08000778   0x0000004e   Code   RO         4080    .text               c_w.l(rt_memclr_w.o)
    0x080007c6   0x080007c6   0x00000056   Code   RO         4082    .text               c_w.l(strncpy.o)
    0x0800081c   0x0800081c   0x00000006   Code   RO         4084    .text               c_w.l(heapauxi.o)
    0x08000822   0x08000822   0x00000002   PAD
    0x08000824   0x08000824   0x00000008   Code   RO         4124    .text               c_w.l(rt_locale_intlibspace.o)
    0x0800082c   0x0800082c   0x0000004e   Code   RO         4128    .text               c_w.l(_printf_pad.o)
    0x0800087a   0x0800087a   0x00000024   Code   RO         4130    .text               c_w.l(_printf_truncate.o)
    0x0800089e   0x0800089e   0x00000052   Code   RO         4132    .text               c_w.l(_printf_str.o)
    0x080008f0   0x080008f0   0x000000b2   Code   RO         4134    .text               c_w.l(_printf_intcommon.o)
    0x080009a2   0x080009a2   0x00000028   Code   RO         4136    .text               c_w.l(_printf_charcount.o)
    0x080009ca   0x080009ca   0x0000041e   Code   RO         4138    .text               c_w.l(_printf_fp_dec.o)
    0x08000de8   0x08000de8   0x00000030   Code   RO         4140    .text               c_w.l(_printf_char_common.o)
    0x08000e18   0x08000e18   0x0000000a   Code   RO         4142    .text               c_w.l(_sputc.o)
    0x08000e22   0x08000e22   0x00000010   Code   RO         4144    .text               c_w.l(_snputc.o)
    0x08000e32   0x08000e32   0x00000002   PAD
    0x08000e34   0x08000e34   0x000000bc   Code   RO         4146    .text               c_w.l(_printf_wctomb.o)
    0x08000ef0   0x08000ef0   0x0000007c   Code   RO         4149    .text               c_w.l(_printf_longlong_dec.o)
    0x08000f6c   0x08000f6c   0x00000070   Code   RO         4155    .text               c_w.l(_printf_oct_int_ll.o)
    0x08000fdc   0x08000fdc   0x00000094   Code   RO         4175    .text               c_w.l(_printf_hex_int_ll_ptr.o)
    0x08001070   0x08001070   0x0000007a   Code   RO         4201    .text               c_w.l(rt_memmove_w.o)
    0x080010ea   0x080010ea   0x00000044   Code   RO         4203    .text               c_w.l(rt_memclr.o)
    0x0800112e   0x0800112e   0x00000002   PAD
    0x08001130   0x08001130   0x00000008   Code   RO         4234    .text               c_w.l(libspace.o)
    0x08001138   0x08001138   0x0000008a   Code   RO         4257    .text               c_w.l(lludiv10.o)
    0x080011c2   0x080011c2   0x00000002   PAD
    0x080011c4   0x080011c4   0x000002fc   Code   RO         4259    .text               c_w.l(_printf_fp_hex.o)
    0x080014c0   0x080014c0   0x00000080   Code   RO         4262    .text               c_w.l(_printf_fp_infnan.o)
    0x08001540   0x08001540   0x0000002c   Code   RO         4266    .text               c_w.l(_printf_char.o)
    0x0800156c   0x0800156c   0x0000002c   Code   RO         4268    .text               c_w.l(_printf_wchar.o)
    0x08001598   0x08001598   0x000000e4   Code   RO         4270    .text               c_w.l(bigflt0.o)
    0x0800167c   0x0800167c   0x00000040   Code   RO         4295    .text               c_w.l(_wcrtomb.o)
    0x080016bc   0x080016bc   0x00000080   Code   RO         4300    .text               c_w.l(strcmpv7m.o)
    0x0800173c   0x0800173c   0x0000004a   Code   RO         4353    .text               c_w.l(sys_stackheap_outer.o)
    0x08001786   0x08001786   0x00000012   Code   RO         4355    .text               c_w.l(exit.o)
    0x08001798   0x08001798   0x0000000c   Code   RO         4392    .text               c_w.l(sys_exit.o)
    0x080017a4   0x080017a4   0x00000002   Code   RO         4394    .text               c_w.l(use_no_semi.o)
    0x080017a6   0x080017a6   0x00000000   Code   RO         4396    .text               c_w.l(indicate_semi.o)
    0x080017a6   0x080017a6   0x0000003e   Code   RO         4273    CL$$btod_d2e        c_w.l(btod.o)
    0x080017e4   0x080017e4   0x00000046   Code   RO         4275    CL$$btod_d2e_denorm_low  c_w.l(btod.o)
    0x0800182a   0x0800182a   0x00000060   Code   RO         4274    CL$$btod_d2e_norm_op1  c_w.l(btod.o)
    0x0800188a   0x0800188a   0x00000338   Code   RO         4283    CL$$btod_div_common  c_w.l(btod.o)
    0x08001bc2   0x08001bc2   0x000000dc   Code   RO         4280    CL$$btod_e2e        c_w.l(btod.o)
    0x08001c9e   0x08001c9e   0x0000002a   Code   RO         4277    CL$$btod_ediv       c_w.l(btod.o)
    0x08001cc8   0x08001cc8   0x0000002a   Code   RO         4276    CL$$btod_emul       c_w.l(btod.o)
    0x08001cf2   0x08001cf2   0x00000244   Code   RO         4282    CL$$btod_mult_common  c_w.l(btod.o)
    0x08001f36   0x08001f36   0x00000002   Code   RO          661    i.BusFault_Handler  stm32f1xx_it.o
    0x08001f38   0x08001f38   0x00000002   Code   RO          662    i.DebugMon_Handler  stm32f1xx_it.o
    0x08001f3a   0x08001f3a   0x00000008   Code   RO          663    i.EXTI15_10_IRQHandler  stm32f1xx_it.o
    0x08001f42   0x08001f42   0x00000004   Code   RO           13    i.Error_Handler     main.o
    0x08001f46   0x08001f46   0x00000046   Code   RO         1687    i.HAL_DMA_Abort     stm32f1xx_hal_dma.o
    0x08001f8c   0x08001f8c   0x00000130   Code   RO         1688    i.HAL_DMA_Abort_IT  stm32f1xx_hal_dma.o
    0x080020bc   0x080020bc   0x00000006   Code   RO         1691    i.HAL_DMA_GetState  stm32f1xx_hal_dma.o
    0x080020c2   0x080020c2   0x00000002   PAD
    0x080020c4   0x080020c4   0x00000024   Code   RO         1313    i.HAL_Delay         stm32f1xx_hal.o
    0x080020e8   0x080020e8   0x00000002   Code   RO         1621    i.HAL_GPIO_EXTI_Callback  stm32f1xx_hal_gpio.o
    0x080020ea   0x080020ea   0x00000002   PAD
    0x080020ec   0x080020ec   0x00000018   Code   RO         1622    i.HAL_GPIO_EXTI_IRQHandler  stm32f1xx_hal_gpio.o
    0x08002104   0x08002104   0x000001f8   Code   RO         1623    i.HAL_GPIO_Init     stm32f1xx_hal_gpio.o
    0x080022fc   0x080022fc   0x0000000a   Code   RO         1625    i.HAL_GPIO_ReadPin  stm32f1xx_hal_gpio.o
    0x08002306   0x08002306   0x0000000a   Code   RO         1627    i.HAL_GPIO_WritePin  stm32f1xx_hal_gpio.o
    0x08002310   0x08002310   0x0000000c   Code   RO         1317    i.HAL_GetTick       stm32f1xx_hal.o
    0x0800231c   0x0800231c   0x00000002   Code   RO          869    i.HAL_I2C_AbortCpltCallback  stm32f1xx_hal_i2c.o
    0x0800231e   0x0800231e   0x00000002   Code   RO          870    i.HAL_I2C_AddrCallback  stm32f1xx_hal_i2c.o
    0x08002320   0x08002320   0x000000c4   Code   RO          873    i.HAL_I2C_ER_IRQHandler  stm32f1xx_hal_i2c.o
    0x080023e4   0x080023e4   0x00000230   Code   RO          874    i.HAL_I2C_EV_IRQHandler  stm32f1xx_hal_i2c.o
    0x08002614   0x08002614   0x00000002   Code   RO          876    i.HAL_I2C_ErrorCallback  stm32f1xx_hal_i2c.o
    0x08002616   0x08002616   0x00000006   Code   RO          879    i.HAL_I2C_GetState  stm32f1xx_hal_i2c.o
    0x0800261c   0x0800261c   0x00000188   Code   RO          880    i.HAL_I2C_Init      stm32f1xx_hal_i2c.o
    0x080027a4   0x080027a4   0x0000016c   Code   RO          881    i.HAL_I2C_IsDeviceReady  stm32f1xx_hal_i2c.o
    0x08002910   0x08002910   0x00000002   Code   RO          882    i.HAL_I2C_ListenCpltCallback  stm32f1xx_hal_i2c.o
    0x08002912   0x08002912   0x00000002   Code   RO          883    i.HAL_I2C_MasterRxCpltCallback  stm32f1xx_hal_i2c.o
    0x08002914   0x08002914   0x00000002   Code   RO          884    i.HAL_I2C_MasterTxCpltCallback  stm32f1xx_hal_i2c.o
    0x08002916   0x08002916   0x00000002   PAD
    0x08002918   0x08002918   0x00000250   Code   RO          886    i.HAL_I2C_Master_Receive  stm32f1xx_hal_i2c.o
    0x08002b68   0x08002b68   0x0000012c   Code   RO          893    i.HAL_I2C_Master_Transmit  stm32f1xx_hal_i2c.o
    0x08002c94   0x08002c94   0x00000002   Code   RO          896    i.HAL_I2C_MemRxCpltCallback  stm32f1xx_hal_i2c.o
    0x08002c96   0x08002c96   0x00000002   Code   RO          897    i.HAL_I2C_MemTxCpltCallback  stm32f1xx_hal_i2c.o
    0x08002c98   0x08002c98   0x00000154   Code   RO          296    i.HAL_I2C_MspInit   i2c.o
    0x08002dec   0x08002dec   0x00000002   Code   RO          906    i.HAL_I2C_SlaveRxCpltCallback  stm32f1xx_hal_i2c.o
    0x08002dee   0x08002dee   0x00000002   Code   RO          907    i.HAL_I2C_SlaveTxCpltCallback  stm32f1xx_hal_i2c.o
    0x08002df0   0x08002df0   0x00000010   Code   RO         1323    i.HAL_IncTick       stm32f1xx_hal.o
    0x08002e00   0x08002e00   0x00000024   Code   RO         1324    i.HAL_Init          stm32f1xx_hal.o
    0x08002e24   0x08002e24   0x00000040   Code   RO         1325    i.HAL_InitTick      stm32f1xx_hal.o
    0x08002e64   0x08002e64   0x0000003c   Code   RO          809    i.HAL_MspInit       stm32f1xx_hal_msp.o
    0x08002ea0   0x08002ea0   0x0000001a   Code   RO         1783    i.HAL_NVIC_EnableIRQ  stm32f1xx_hal_cortex.o
    0x08002eba   0x08002eba   0x00000002   PAD
    0x08002ebc   0x08002ebc   0x00000040   Code   RO         1789    i.HAL_NVIC_SetPriority  stm32f1xx_hal_cortex.o
    0x08002efc   0x08002efc   0x00000024   Code   RO         1790    i.HAL_NVIC_SetPriorityGrouping  stm32f1xx_hal_cortex.o
    0x08002f20   0x08002f20   0x0000012c   Code   RO         1481    i.HAL_RCC_ClockConfig  stm32f1xx_hal_rcc.o
    0x0800304c   0x0800304c   0x00000020   Code   RO         1488    i.HAL_RCC_GetPCLK1Freq  stm32f1xx_hal_rcc.o
    0x0800306c   0x0800306c   0x00000020   Code   RO         1489    i.HAL_RCC_GetPCLK2Freq  stm32f1xx_hal_rcc.o
    0x0800308c   0x0800308c   0x0000004c   Code   RO         1490    i.HAL_RCC_GetSysClockFreq  stm32f1xx_hal_rcc.o
    0x080030d8   0x080030d8   0x00000048   Code   RO         1491    i.HAL_RCC_MCOConfig  stm32f1xx_hal_rcc.o
    0x08003120   0x08003120   0x00000320   Code   RO         1493    i.HAL_RCC_OscConfig  stm32f1xx_hal_rcc.o
    0x08003440   0x08003440   0x000000b2   Code   RO         2294    i.HAL_SPI_Init      stm32f1xx_hal_spi.o
    0x080034f2   0x080034f2   0x00000002   PAD
    0x080034f4   0x080034f4   0x00000080   Code   RO          373    i.HAL_SPI_MspInit   spi.o
    0x08003574   0x08003574   0x00000028   Code   RO         1794    i.HAL_SYSTICK_Config  stm32f1xx_hal_cortex.o
    0x0800359c   0x0800359c   0x00000002   Code   RO         3311    i.HAL_TIMEx_BreakCallback  stm32f1xx_hal_tim_ex.o
    0x0800359e   0x0800359e   0x00000002   Code   RO         3312    i.HAL_TIMEx_CommutCallback  stm32f1xx_hal_tim_ex.o
    0x080035a0   0x080035a0   0x0000007c   Code   RO         3330    i.HAL_TIMEx_MasterConfigSynchronization  stm32f1xx_hal_tim_ex.o
    0x0800361c   0x0800361c   0x000000dc   Code   RO         2616    i.HAL_TIM_ConfigClockSource  stm32f1xx_hal_tim.o
    0x080036f8   0x080036f8   0x00000130   Code   RO           14    i.HAL_TIM_IC_CaptureCallback  main.o
    0x08003828   0x08003828   0x00000124   Code   RO         2643    i.HAL_TIM_IC_ConfigChannel  stm32f1xx_hal_tim.o
    0x0800394c   0x0800394c   0x0000005a   Code   RO         2646    i.HAL_TIM_IC_Init   stm32f1xx_hal_tim.o
    0x080039a6   0x080039a6   0x00000002   PAD
    0x080039a8   0x080039a8   0x00000060   Code   RO          464    i.HAL_TIM_IC_MspInit  tim.o
    0x08003a08   0x08003a08   0x000000f8   Code   RO         2651    i.HAL_TIM_IC_Start_IT  stm32f1xx_hal_tim.o
    0x08003b00   0x08003b00   0x00000130   Code   RO         2655    i.HAL_TIM_IRQHandler  stm32f1xx_hal_tim.o
    0x08003c30   0x08003c30   0x000000a4   Code   RO          465    i.HAL_TIM_MspPostInit  tim.o
    0x08003cd4   0x08003cd4   0x00000002   Code   RO         2658    i.HAL_TIM_OC_DelayElapsedCallback  stm32f1xx_hal_tim.o
    0x08003cd6   0x08003cd6   0x000000cc   Code   RO         2679    i.HAL_TIM_PWM_ConfigChannel  stm32f1xx_hal_tim.o
    0x08003da2   0x08003da2   0x0000005a   Code   RO         2682    i.HAL_TIM_PWM_Init  stm32f1xx_hal_tim.o
    0x08003dfc   0x08003dfc   0x0000005c   Code   RO          468    i.HAL_TIM_PWM_MspInit  tim.o
    0x08003e58   0x08003e58   0x00000002   Code   RO         2685    i.HAL_TIM_PWM_PulseFinishedCallback  stm32f1xx_hal_tim.o
    0x08003e5a   0x08003e5a   0x00000002   PAD
    0x08003e5c   0x08003e5c   0x000000b4   Code   RO         2687    i.HAL_TIM_PWM_Start  stm32f1xx_hal_tim.o
    0x08003f10   0x08003f10   0x00000002   Code   RO         2693    i.HAL_TIM_PeriodElapsedCallback  stm32f1xx_hal_tim.o
    0x08003f12   0x08003f12   0x0000002a   Code   RO         2695    i.HAL_TIM_ReadCapturedValue  stm32f1xx_hal_tim.o
    0x08003f3c   0x08003f3c   0x00000002   Code   RO         2698    i.HAL_TIM_TriggerCallback  stm32f1xx_hal_tim.o
    0x08003f3e   0x08003f3e   0x00000002   Code   RO         3590    i.HAL_UARTEx_RxEventCallback  stm32f1xx_hal_uart.o
    0x08003f40   0x08003f40   0x00000002   Code   RO         3604    i.HAL_UART_ErrorCallback  stm32f1xx_hal_uart.o
    0x08003f42   0x08003f42   0x00000002   PAD
    0x08003f44   0x08003f44   0x0000026c   Code   RO         3607    i.HAL_UART_IRQHandler  stm32f1xx_hal_uart.o
    0x080041b0   0x080041b0   0x00000064   Code   RO         3608    i.HAL_UART_Init     stm32f1xx_hal_uart.o
    0x08004214   0x08004214   0x000000d8   Code   RO          559    i.HAL_UART_MspInit  usart.o
    0x080042ec   0x080042ec   0x0000001c   Code   RO         3613    i.HAL_UART_Receive_IT  stm32f1xx_hal_uart.o
    0x08004308   0x08004308   0x00000140   Code   RO          560    i.HAL_UART_RxCpltCallback  usart.o
    0x08004448   0x08004448   0x000000a0   Code   RO         3616    i.HAL_UART_Transmit  stm32f1xx_hal_uart.o
    0x080044e8   0x080044e8   0x00000002   Code   RO         3619    i.HAL_UART_TxCpltCallback  stm32f1xx_hal_uart.o
    0x080044ea   0x080044ea   0x0000000a   Code   RO         3945    i.HAL_WWDG_Refresh  stm32f1xx_hal_wwdg.o
    0x080044f4   0x080044f4   0x00000002   Code   RO          664    i.HardFault_Handler  stm32f1xx_it.o
    0x080044f6   0x080044f6   0x00000002   PAD
    0x080044f8   0x080044f8   0x0000000c   Code   RO          665    i.I2C2_ER_IRQHandler  stm32f1xx_it.o
    0x08004504   0x08004504   0x0000000c   Code   RO          666    i.I2C2_EV_IRQHandler  stm32f1xx_it.o
    0x08004510   0x08004510   0x000000bc   Code   RO          918    i.I2C_DMAAbort      stm32f1xx_hal_i2c.o
    0x080045cc   0x080045cc   0x0000043c   Code   RO           15    i.I2C_DebugTest     main.o
    0x08004a08   0x08004a08   0x00000010   Code   RO          921    i.I2C_Flush_DR      stm32f1xx_hal_i2c.o
    0x08004a18   0x08004a18   0x00000158   Code   RO          922    i.I2C_ITError       stm32f1xx_hal_i2c.o
    0x08004b70   0x08004b70   0x0000002e   Code   RO          923    i.I2C_IsAcknowledgeFailed  stm32f1xx_hal_i2c.o
    0x08004b9e   0x08004b9e   0x000000da   Code   RO          924    i.I2C_MasterReceive_BTF  stm32f1xx_hal_i2c.o
    0x08004c78   0x08004c78   0x000000f4   Code   RO          925    i.I2C_MasterReceive_RXNE  stm32f1xx_hal_i2c.o
    0x08004d6c   0x08004d6c   0x000000ec   Code   RO          926    i.I2C_MasterRequestRead  stm32f1xx_hal_i2c.o
    0x08004e58   0x08004e58   0x0000009c   Code   RO          927    i.I2C_MasterRequestWrite  stm32f1xx_hal_i2c.o
    0x08004ef4   0x08004ef4   0x00000082   Code   RO          928    i.I2C_MasterTransmit_BTF  stm32f1xx_hal_i2c.o
    0x08004f76   0x08004f76   0x00000002   PAD
    0x08004f78   0x08004f78   0x000000b6   Code   RO          929    i.I2C_MasterTransmit_TXE  stm32f1xx_hal_i2c.o
    0x0800502e   0x0800502e   0x00000002   PAD
    0x08005030   0x08005030   0x00000158   Code   RO          930    i.I2C_Master_ADDR   stm32f1xx_hal_i2c.o
    0x08005188   0x08005188   0x0000008c   Code   RO          931    i.I2C_Master_SB     stm32f1xx_hal_i2c.o
    0x08005214   0x08005214   0x000000a8   Code   RO          932    i.I2C_MemoryTransmit_TXE_BTF  stm32f1xx_hal_i2c.o
    0x080052bc   0x080052bc   0x000000dc   Code   RO           16    i.I2C_Scan          main.o
    0x08005398   0x08005398   0x00000046   Code   RO          935    i.I2C_Slave_ADDR    stm32f1xx_hal_i2c.o
    0x080053de   0x080053de   0x00000002   PAD
    0x080053e0   0x080053e0   0x00000090   Code   RO          936    i.I2C_Slave_AF      stm32f1xx_hal_i2c.o
    0x08005470   0x08005470   0x0000015c   Code   RO          937    i.I2C_Slave_STOPF   stm32f1xx_hal_i2c.o
    0x080055cc   0x080055cc   0x00000056   Code   RO          938    i.I2C_WaitOnBTFFlagUntilTimeout  stm32f1xx_hal_i2c.o
    0x08005622   0x08005622   0x00000002   PAD
    0x08005624   0x08005624   0x00000090   Code   RO          939    i.I2C_WaitOnFlagUntilTimeout  stm32f1xx_hal_i2c.o
    0x080056b4   0x080056b4   0x000000bc   Code   RO          940    i.I2C_WaitOnMasterAddressFlagUntilTimeout  stm32f1xx_hal_i2c.o
    0x08005770   0x08005770   0x00000070   Code   RO          941    i.I2C_WaitOnRXNEFlagUntilTimeout  stm32f1xx_hal_i2c.o
    0x080057e0   0x080057e0   0x00000056   Code   RO          942    i.I2C_WaitOnTXEFlagUntilTimeout  stm32f1xx_hal_i2c.o
    0x08005836   0x08005836   0x00000002   PAD
    0x08005838   0x08005838   0x00000074   Code   RO           17    i.MUX_SetFGMuxPins  main.o
    0x080058ac   0x080058ac   0x000000f0   Code   RO          271    i.MX_GPIO_Init      gpio.o
    0x0800599c   0x0800599c   0x00000124   Code   RO          297    i.MX_I2C_Init       i2c.o
    0x08005ac0   0x08005ac0   0x0000003c   Code   RO          374    i.MX_SPI2_Init      spi.o
    0x08005afc   0x08005afc   0x00000070   Code   RO          470    i.MX_TIM2_Init      tim.o
    0x08005b6c   0x08005b6c   0x000000e8   Code   RO          471    i.MX_TIM3_Init      tim.o
    0x08005c54   0x08005c54   0x000000a8   Code   RO          472    i.MX_TIM4_Init      tim.o
    0x08005cfc   0x08005cfc   0x00000038   Code   RO          561    i.MX_USART1_UART_Init  usart.o
    0x08005d34   0x08005d34   0x00000038   Code   RO          562    i.MX_USART2_UART_Init  usart.o
    0x08005d6c   0x08005d6c   0x00000002   Code   RO          667    i.MemManage_Handler  stm32f1xx_it.o
    0x08005d6e   0x08005d6e   0x00000002   Code   RO          668    i.NMI_Handler       stm32f1xx_it.o
    0x08005d70   0x08005d70   0x00000050   Code   RO           20    i.PWM_SetDutyPercent_ById  main.o
    0x08005dc0   0x08005dc0   0x00000002   Code   RO          669    i.PendSV_Handler    stm32f1xx_it.o
    0x08005dc2   0x08005dc2   0x00000004   Code   RO          670    i.SPI2_IRQHandler   stm32f1xx_it.o
    0x08005dc6   0x08005dc6   0x00000002   PAD
    0x08005dc8   0x08005dc8   0x0000003c   Code   RO          375    i.SPI2_SlaveComm_GetCmd  spi.o
    0x08005e04   0x08005e04   0x0000000c   Code   RO          376    i.SPI2_SlaveComm_HasPendingCmd  spi.o
    0x08005e10   0x08005e10   0x00000048   Code   RO          378    i.SPI2_SlaveComm_Poll  spi.o
    0x08005e58   0x08005e58   0x00000034   Code   RO          379    i.SPI2_SlaveComm_SetResponse  spi.o
    0x08005e8c   0x08005e8c   0x00000060   Code   RO          380    i.SPI2_SlaveComm_Start  spi.o
    0x08005eec   0x08005eec   0x000000f0   Code   RO          381    i.SPI2_SlaveIRQHandler  spi.o
    0x08005fdc   0x08005fdc   0x00000002   Code   RO          671    i.SVC_Handler       stm32f1xx_it.o
    0x08005fde   0x08005fde   0x00000002   PAD
    0x08005fe0   0x08005fe0   0x000000dc   Code   RO           21    i.ScanAllRegisters  main.o
    0x080060bc   0x080060bc   0x00000004   Code   RO          672    i.SysTick_Handler   stm32f1xx_it.o
    0x080060c0   0x080060c0   0x0000005e   Code   RO           22    i.SystemClock_Config  main.o
    0x0800611e   0x0800611e   0x00000002   Code   RO         3990    i.SystemInit        system_stm32f1xx.o
    0x08006120   0x08006120   0x0000000c   Code   RO          673    i.TIM2_IRQHandler   stm32f1xx_it.o
    0x0800612c   0x0800612c   0x0000000c   Code   RO          674    i.TIM3_IRQHandler   stm32f1xx_it.o
    0x08006138   0x08006138   0x0000000c   Code   RO          675    i.TIM8_BRK_IRQHandler  stm32f1xx_it.o
    0x08006144   0x08006144   0x0000000c   Code   RO          676    i.TIM8_CC_IRQHandler  stm32f1xx_it.o
    0x08006150   0x08006150   0x0000000c   Code   RO          677    i.TIM8_TRG_COM_IRQHandler  stm32f1xx_it.o
    0x0800615c   0x0800615c   0x0000000c   Code   RO          678    i.TIM8_UP_IRQHandler  stm32f1xx_it.o
    0x08006168   0x08006168   0x0000009c   Code   RO         2700    i.TIM_Base_SetConfig  stm32f1xx_hal_tim.o
    0x08006204   0x08006204   0x0000001a   Code   RO         2701    i.TIM_CCxChannelCmd  stm32f1xx_hal_tim.o
    0x0800621e   0x0800621e   0x00000014   Code   RO         2711    i.TIM_ETR_SetConfig  stm32f1xx_hal_tim.o
    0x08006232   0x08006232   0x00000010   Code   RO         2712    i.TIM_ITRx_SetConfig  stm32f1xx_hal_tim.o
    0x08006242   0x08006242   0x00000002   PAD
    0x08006244   0x08006244   0x00000060   Code   RO         2713    i.TIM_OC1_SetConfig  stm32f1xx_hal_tim.o
    0x080062a4   0x080062a4   0x0000006c   Code   RO         2714    i.TIM_OC2_SetConfig  stm32f1xx_hal_tim.o
    0x08006310   0x08006310   0x00000068   Code   RO         2715    i.TIM_OC3_SetConfig  stm32f1xx_hal_tim.o
    0x08006378   0x08006378   0x00000050   Code   RO         2716    i.TIM_OC4_SetConfig  stm32f1xx_hal_tim.o
    0x080063c8   0x080063c8   0x00000022   Code   RO         2718    i.TIM_TI1_ConfigInputStage  stm32f1xx_hal_tim.o
    0x080063ea   0x080063ea   0x00000002   PAD
    0x080063ec   0x080063ec   0x0000006c   Code   RO         2719    i.TIM_TI1_SetConfig  stm32f1xx_hal_tim.o
    0x08006458   0x08006458   0x00000024   Code   RO         2720    i.TIM_TI2_ConfigInputStage  stm32f1xx_hal_tim.o
    0x0800647c   0x0800647c   0x00000036   Code   RO         2721    i.TIM_TI2_SetConfig  stm32f1xx_hal_tim.o
    0x080064b2   0x080064b2   0x00000002   PAD
    0x080064b4   0x080064b4   0x00000044   Code   RO          298    i.TLA2528_ReadADC   i2c.o
    0x080064f8   0x080064f8   0x00000030   Code   RO          299    i.TLA2528_ReadChannel  i2c.o
    0x08006528   0x08006528   0x00000074   Code   RO          300    i.TLA2528_ReadReg   i2c.o
    0x0800659c   0x0800659c   0x00000008   Code   RO          301    i.TLA2528_TriggerConversion  i2c.o
    0x080065a4   0x080065a4   0x0000005c   Code   RO          302    i.TLA2528_WriteReg  i2c.o
    0x08006600   0x08006600   0x00000010   Code   RO         3621    i.UART_DMAAbortOnError  stm32f1xx_hal_uart.o
    0x08006610   0x08006610   0x0000004e   Code   RO         3631    i.UART_EndRxTransfer  stm32f1xx_hal_uart.o
    0x0800665e   0x0800665e   0x0000001e   Code   RO           23    i.UART_Printf       main.o
    0x0800667c   0x0800667c   0x000000c2   Code   RO         3633    i.UART_Receive_IT   stm32f1xx_hal_uart.o
    0x0800673e   0x0800673e   0x00000002   PAD
    0x08006740   0x08006740   0x00000020   Code   RO           24    i.UART_SendString   main.o
    0x08006760   0x08006760   0x000000b8   Code   RO         3634    i.UART_SetConfig    stm32f1xx_hal_uart.o
    0x08006818   0x08006818   0x00000036   Code   RO         3636    i.UART_Start_Receive_IT  stm32f1xx_hal_uart.o
    0x0800684e   0x0800684e   0x00000072   Code   RO         3637    i.UART_WaitOnFlagUntilTimeout  stm32f1xx_hal_uart.o
    0x080068c0   0x080068c0   0x00000050   Code   RO          563    i.USART1_GetReceivedData  usart.o
    0x08006910   0x08006910   0x0000000c   Code   RO          679    i.USART1_IRQHandler  stm32f1xx_it.o
    0x0800691c   0x0800691c   0x00000050   Code   RO          564    i.USART2_GetReceivedData  usart.o
    0x0800696c   0x0800696c   0x0000000c   Code   RO          680    i.USART2_IRQHandler  stm32f1xx_it.o
    0x08006978   0x08006978   0x00000002   Code   RO          681    i.UsageFault_Handler  stm32f1xx_it.o
    0x0800697a   0x0800697a   0x00000028   Code   RO         4351    i.__ARM_fpclassify  m_ws.l(fpclassify.o)
    0x080069a2   0x080069a2   0x00000020   Code   RO         1796    i.__NVIC_SetPriority  stm32f1xx_hal_cortex.o
    0x080069c2   0x080069c2   0x0000000e   Code   RO         4056    i._is_digit         c_w.l(__printf_wp.o)
    0x080069d0   0x080069d0   0x00000038   Code   RO           25    i.equals_ignore_case  main.o
    0x08006a08   0x08006a08   0x0000101c   Code   RO           26    i.main              main.o
    0x08007a24   0x08007a24   0x000000de   Code   RO           27    i.parse_fgrd_cmd    main.o
    0x08007b02   0x08007b02   0x0000009e   Code   RO           28    i.parse_xpwm_cmd    main.o
    0x08007ba0   0x08007ba0   0x00000980   Code   RO           29    i.tla2528_test_sequence  main.o
    0x08008520   0x08008520   0x00000062   Code   RO           30    i.trim_cmd          main.o
    0x08008582   0x08008582   0x00000002   PAD
    0x08008584   0x08008584   0x0000002c   Code   RO         4199    locale$$code        c_w.l(lc_ctype_c.o)
    0x080085b0   0x080085b0   0x0000002c   Code   RO         4298    locale$$code        c_w.l(lc_numeric_c.o)
    0x080085dc   0x080085dc   0x0000000c   Code   RO         4205    x$fpl$dretinf       fz_ws.l(dretinf.o)
    0x080085e8   0x080085e8   0x00000056   Code   RO         4088    x$fpl$f2d           fz_ws.l(f2d.o)
    0x0800863e   0x0800863e   0x00000002   PAD
    0x08008640   0x08008640   0x000000c4   Code   RO         4090    x$fpl$fadd          fz_ws.l(faddsub_clz.o)
    0x08008704   0x08008704   0x00000184   Code   RO         4097    x$fpl$fdiv          fz_ws.l(fdiv.o)
    0x08008888   0x08008888   0x00000026   Code   RO         4100    x$fpl$ffltu         fz_ws.l(fflt_clz.o)
    0x080088ae   0x080088ae   0x00000002   PAD
    0x080088b0   0x080088b0   0x00000102   Code   RO         4106    x$fpl$fmul          fz_ws.l(fmul.o)
    0x080089b2   0x080089b2   0x0000008c   Code   RO         4207    x$fpl$fnaninf       fz_ws.l(fnaninf.o)
    0x08008a3e   0x08008a3e   0x0000000a   Code   RO         4209    x$fpl$fretinf       fz_ws.l(fretinf.o)
    0x08008a48   0x08008a48   0x000000ea   Code   RO         4092    x$fpl$fsub          fz_ws.l(faddsub_clz.o)
    0x08008b32   0x08008b32   0x00000004   Code   RO         4108    x$fpl$printf1       fz_ws.l(printf1.o)
    0x08008b36   0x08008b36   0x00000004   Code   RO         4211    x$fpl$printf2       fz_ws.l(printf2.o)
    0x08008b3a   0x08008b3a   0x00000000   Code   RO         4219    x$fpl$usenofp       fz_ws.l(usenofp.o)
    0x08008b3a   0x08008b3a   0x00000012   Data   RO         1494    .constdata          stm32f1xx_hal_rcc.o
    0x08008b4c   0x08008b4c   0x00000010   Data   RO         3991    .constdata          system_stm32f1xx.o
    0x08008b5c   0x08008b5c   0x00000008   Data   RO         3992    .constdata          system_stm32f1xx.o
    0x08008b64   0x08008b64   0x00000011   Data   RO         4064    .constdata          c_w.l(__printf_flags_ss_wp.o)
    0x08008b75   0x08008b75   0x00000003   PAD
    0x08008b78   0x08008b78   0x00000008   Data   RO         4147    .constdata          c_w.l(_printf_wctomb.o)
    0x08008b80   0x08008b80   0x00000028   Data   RO         4176    .constdata          c_w.l(_printf_hex_int_ll_ptr.o)
    0x08008ba8   0x08008ba8   0x00000026   Data   RO         4260    .constdata          c_w.l(_printf_fp_hex.o)
    0x08008bce   0x08008bce   0x00000002   PAD
    0x08008bd0   0x08008bd0   0x00000094   Data   RO         4271    .constdata          c_w.l(bigflt0.o)
    0x08008c64   0x08008c64   0x00000326   Data   RO           31    .conststring        main.o
    0x08008f8a   0x08008f8a   0x00000002   PAD
    0x08008f8c   0x08008f8c   0x00000020   Data   RO         4448    Region$$Table       anon$$obj.o
    0x08008fac   0x08008fac   0x00000110   Data   RO         4198    locale$$data        c_w.l(lc_ctype_c.o)
    0x080090bc   0x080090bc   0x0000001c   Data   RO         4297    locale$$data        c_w.l(lc_numeric_c.o)


    Execution Region RW_IRAM1 (Exec base: 0x20000000, Load base: 0x080090d8, Size: 0x00000c80, Max: 0x00010000, ABSOLUTE)

    Exec Addr    Load Addr    Size         Type   Attr      Idx    E Section Name        Object

    0x20000000   0x080090d8   0x00000038   Data   RW           32    .data               main.o
    0x20000038   0x08009110   0x00000008   Data   RW          383    .data               spi.o
    0x20000040   0x08009118   0x00000004   Data   RW          566    .data               usart.o
    0x20000044   0x0800911c   0x0000000c   Data   RW         1331    .data               stm32f1xx_hal.o
    0x20000050   0x08009128   0x00000004   Data   RW         3993    .data               system_stm32f1xx.o
    0x20000054        -       0x00000054   Zero   RW          303    .bss                i2c.o
    0x200000a8        -       0x000001d8   Zero   RW          382    .bss                spi.o
    0x20000280        -       0x00000168   Zero   RW          474    .bss                tim.o
    0x200003e8        -       0x00000220   Zero   RW          565    .bss                usart.o
    0x20000608        -       0x00000014   Zero   RW          627    .bss                wwdg.o
    0x2000061c        -       0x00000060   Zero   RW         4235    .bss                c_w.l(libspace.o)
    0x2000067c   0x0800912c   0x00000004   PAD
    0x20000680        -       0x00000200   Zero   RW            2    HEAP                startup_stm32f103xe.o
    0x20000880        -       0x00000400   Zero   RW            1    STACK               startup_stm32f103xe.o


==============================================================================

Image component sizes


      Code (inc. data)   RO Data    RW Data    ZI Data      Debug   Object Name

       240         18          0          0          0       1011   gpio.o
       964        404          0          0         84       5256   i2c.o
      9274       4874        806         56          0     521039   main.o
       720         84          0          8        472       6033   spi.o
        64         26        304          0       1536        824   startup_stm32f103xe.o
       164         28          0         12          0       6681   stm32f1xx_hal.o
       198         14          0          0          0      29063   stm32f1xx_hal_cortex.o
       380          8          0          0          0       2478   stm32f1xx_hal_dma.o
       550         48          0          0          0       4771   stm32f1xx_hal_gpio.o
      6020        104          0          0          0      34935   stm32f1xx_hal_i2c.o
        60          8          0          0          0        894   stm32f1xx_hal_msp.o
      1312         92         18          0          0       5984   stm32f1xx_hal_rcc.o
       178          0          0          0          0       1203   stm32f1xx_hal_spi.o
      2516        118          0          0          0      20142   stm32f1xx_hal_tim.o
       128         20          0          0          0       2489   stm32f1xx_hal_tim_ex.o
      1554         10          0          0          0      11260   stm32f1xx_hal_uart.o
        10          0          0          0          0        979   stm32f1xx_hal_wwdg.o
       152         60          0          0          0       9367   stm32f1xx_it.o
         2          0         24          4          0       1159   system_stm32f1xx.o
       864         92          0          0        360       4834   tim.o
       808         68          0          4        544       5332   usart.o
         0          0          0          0         20        232   wwdg.o

    ----------------------------------------------------------------------
     26200       6076       1186         84       3016     675966   Object Totals
         0          0         32          0          0          0   (incl. Generated)
        42          0          2          0          0          0   (incl. Padding)

    ----------------------------------------------------------------------

      Code (inc. data)   RO Data    RW Data    ZI Data      Debug   Library Member Name

        56          6          0          0          0         88   __2snprintf.o
        44          6          0          0          0         84   __2sprintf.o
         8          0          0          0          0         68   __main.o
       392          4         17          0          0         92   __printf_flags_ss_wp.o
        14          0          0          0          0         68   __printf_wp.o
         0          0          0          0          0          0   __rtentry.o
        12          0          0          0          0          0   __rtentry2.o
         6          0          0          0          0          0   __rtentry4.o
        52          8          0          0          0          0   __scatter.o
        26          0          0          0          0          0   __scatter_copy.o
        28          0          0          0          0          0   __scatter_zi.o
         6          0          0          0          0          0   _printf_a.o
         6          0          0          0          0          0   _printf_c.o
        44          0          0          0          0        108   _printf_char.o
        48          6          0          0          0         96   _printf_char_common.o
        40          0          0          0          0         68   _printf_charcount.o
         6          0          0          0          0          0   _printf_d.o
       120         16          0          0          0         92   _printf_dec.o
         6          0          0          0          0          0   _printf_e.o
         6          0          0          0          0          0   _printf_f.o
      1054          0          0          0          0        216   _printf_fp_dec.o
       764          8         38          0          0        100   _printf_fp_hex.o
       128         16          0          0          0         84   _printf_fp_infnan.o
         6          0          0          0          0          0   _printf_g.o
       148          4         40          0          0        160   _printf_hex_int_ll_ptr.o
         6          0          0          0          0          0   _printf_i.o
       178          0          0          0          0         88   _printf_intcommon.o
        10          0          0          0          0          0   _printf_l.o
         6          0          0          0          0          0   _printf_lc.o
        10          0          0          0          0          0   _printf_ll.o
         6          0          0          0          0          0   _printf_lld.o
         6          0          0          0          0          0   _printf_lli.o
         6          0          0          0          0          0   _printf_llo.o
         6          0          0          0          0          0   _printf_llu.o
         6          0          0          0          0          0   _printf_llx.o
       124         16          0          0          0         92   _printf_longlong_dec.o
         6          0          0          0          0          0   _printf_ls.o
         6          0          0          0          0          0   _printf_n.o
         6          0          0          0          0          0   _printf_o.o
       112         10          0          0          0        124   _printf_oct_int_ll.o
         6          0          0          0          0          0   _printf_p.o
        78          0          0          0          0        108   _printf_pad.o
         0          0          0          0          0          0   _printf_percent.o
         4          0          0          0          0          0   _printf_percent_end.o
         6          0          0          0          0          0   _printf_s.o
        82          0          0          0          0         80   _printf_str.o
        36          0          0          0          0         84   _printf_truncate.o
         6          0          0          0          0          0   _printf_u.o
        44          0          0          0          0        108   _printf_wchar.o
       188          6          8          0          0         92   _printf_wctomb.o
         6          0          0          0          0          0   _printf_x.o
        16          0          0          0          0         68   _snputc.o
        10          0          0          0          0         68   _sputc.o
        64          0          0          0          0         92   _wcrtomb.o
       228          4        148          0          0         96   bigflt0.o
      1936        128          0          0          0        672   btod.o
        18          0          0          0          0         80   exit.o
         6          0          0          0          0        152   heapauxi.o
         0          0          0          0          0          0   indicate_semi.o
        44         10        272          0          0         76   lc_ctype_c.o
        44         10         28          0          0         76   lc_numeric_c.o
         2          0          0          0          0          0   libinit.o
        30          0          0          0          0          0   libinit2.o
         2          0          0          0          0          0   libshutdown.o
         2          0          0          0          0          0   libshutdown2.o
         8          4          0          0         96         68   libspace.o
       138          0          0          0          0         80   lludiv10.o
        16          4          0          0          0         76   rt_ctype_table.o
         8          4          0          0          0         68   rt_locale_intlibspace.o
        68          0          0          0          0         68   rt_memclr.o
        78          0          0          0          0         80   rt_memclr_w.o
       138          0          0          0          0         68   rt_memcpy_v6.o
       100          0          0          0          0         80   rt_memcpy_w.o
       132          0          0          0          0         68   rt_memmove_v6.o
       122          0          0          0          0         80   rt_memmove_w.o
         2          0          0          0          0          0   rtexit.o
        10          0          0          0          0          0   rtexit2.o
       128          0          0          0          0         68   strcmpv7m.o
        72          0          0          0          0         80   strcpy.o
        62          0          0          0          0         76   strlen.o
        86          0          0          0          0         76   strncpy.o
        12          4          0          0          0         68   sys_exit.o
        74          0          0          0          0         80   sys_stackheap_outer.o
        30          0          0          0          0         76   toupper.o
         2          0          0          0          0         68   use_no_semi.o
        52          4          0          0          0         80   vsnprintf.o
        12          0          0          0          0         68   dretinf.o
        86          4          0          0          0         84   f2d.o
       430          8          0          0          0        168   faddsub_clz.o
       388         76          0          0          0         96   fdiv.o
        38          0          0          0          0         68   fflt_clz.o
       258          4          0          0          0         84   fmul.o
       140          4          0          0          0         84   fnaninf.o
        10          0          0          0          0         68   fretinf.o
         4          0          0          0          0         68   printf1.o
         4          0          0          0          0         68   printf2.o
         0          0          0          0          0          0   usenofp.o
        40          0          0          0          0         68   fpclassify.o

    ----------------------------------------------------------------------
      9138        374        556          0        100       5812   Library Totals
        18          0          5          0          4          0   (incl. Padding)

    ----------------------------------------------------------------------

      Code (inc. data)   RO Data    RW Data    ZI Data      Debug   Library Name

      7710        278        551          0         96       4888   c_w.l
      1370         96          0          0          0        856   fz_ws.l
        40          0          0          0          0         68   m_ws.l

    ----------------------------------------------------------------------
      9138        374        556          0        100       5812   Library Totals

    ----------------------------------------------------------------------

==============================================================================


      Code (inc. data)   RO Data    RW Data    ZI Data      Debug   

     35338       6450       1742         84       3116     669762   Grand Totals
     35338       6450       1742         84       3116     669762   ELF Image Totals
     35338       6450       1742         84          0          0   ROM Totals

==============================================================================

    Total RO  Size (Code + RO Data)                37080 (  36.21kB)
    Total RW  Size (RW Data + ZI Data)              3200 (   3.13kB)
    Total ROM Size (Code + RO Data + RW Data)      37164 (  36.29kB)

==============================================================================

